[2026-09-24T00:05:41.889+0000] {local_task_job_runner.py:123} INFO - ::group::Pre task execution logs
[2026-09-24T00:05:41.938+0000] {taskinstance.py:2631} INFO - Dependencies all met for dep_context=non-requeueable deps ti=<TaskInstance: hello_airflow.fim manual__2026-09-24T00:05:39.102615+00:00 [queued]>
[2026-09-24T00:05:41.953+0000] {taskinstance.py:2631} INFO - Dependencies all met for dep_context=requeueable deps ti=<TaskInstance: hello_airflow.fim manual__2026-09-24T00:05:39.102615+00:00 [queued]>
[2026-09-24T00:05:41.955+0000] {taskinstance.py:2884} INFO - Starting attempt 1 of 1
[2026-09-24T00:05:41.976+0000] {taskinstance.py:2907} INFO - Executing <Task(BashOperator): fim> on 2026-09-24 00:05:39.102615+00:00
[2026-09-24T00:05:41.988+0000] {standard_task_runner.py:104} INFO - Running: ['***', 'tasks', 'run', 'hello_***', 'fim', 'manual__2026-09-24T00:05:39.102615+00:00', '--job-id', '14', '--raw', '--subdir', 'DAGS_FOLDER/hello_***.py', '--cfg-path', '/tmp/tmp0xynihsp']
[2026-09-24T00:05:41.992+0000] {standard_task_runner.py:105} INFO - Job 14: Subtask fim
[2026-09-24T00:05:41.992+0000] {logging_mixin.py:190} WARNING - /home/***/.local/lib/python3.12/site-packages/***/task/task_runner/standard_task_runner.py:70 DeprecationWarning: This process (pid=467) is multi-threaded, use of fork() may lead to deadlocks in the child.
[2026-09-24T00:05:41.994+0000] {standard_task_runner.py:72} INFO - Started process 468 to run task
[2026-09-24T00:05:42.085+0000] {task_command.py:467} INFO - Running <TaskInstance: hello_airflow.fim manual__2026-09-24T00:05:39.102615+00:00 [running]> on host 025cd88dfcae
[2026-09-24T00:05:42.235+0000] {taskinstance.py:3157} INFO - Exporting env vars: AIRFLOW_CTX_DAG_OWNER='***' AIRFLOW_CTX_DAG_ID='hello_***' AIRFLOW_CTX_TASK_ID='fim' AIRFLOW_CTX_EXECUTION_DATE='2026-09-24T00:05:39.102615+00:00' AIRFLOW_CTX_TRY_NUMBER='1' AIRFLOW_CTX_DAG_RUN_ID='manual__2026-09-24T00:05:39.102615+00:00'
[2026-09-24T00:05:42.236+0000] {taskinstance.py:740} INFO - ::endgroup::
[2026-09-24T00:05:42.259+0000] {subprocess.py:78} INFO - Tmp dir root location: /tmp
[2026-09-24T00:05:42.261+0000] {subprocess.py:88} INFO - Running command: ['/usr/bin/bash', '-c', 'echo "Fim da DAG"']
[2026-09-24T00:05:42.277+0000] {subprocess.py:99} INFO - Output:
[2026-09-24T00:05:42.280+0000] {subprocess.py:106} INFO - Fim da DAG
[2026-09-24T00:05:42.282+0000] {subprocess.py:110} INFO - Command exited with return code 0
[2026-09-24T00:05:42.331+0000] {taskinstance.py:349} INFO - ::group::Post task execution logs
[2026-09-24T00:05:42.332+0000] {taskinstance.py:361} INFO - Marking task as SUCCESS. dag_id=hello_***, task_id=fim, run_id=manual__2026-09-24T00:05:39.102615+00:00, execution_date=20260924T000539, start_date=20260924T000541, end_date=20260924T000542
[2026-09-24T00:05:42.411+0000] {local_task_job_runner.py:266} INFO - Task exited with return code 0
[2026-09-24T00:05:42.444+0000] {taskinstance.py:3924} INFO - 0 downstream tasks scheduled from follow-on schedule check
[2026-09-24T00:05:42.453+0000] {local_task_job_runner.py:245} INFO - ::endgroup::
