[2026-09-24T00:32:56.234+0000] {local_task_job_runner.py:123} INFO - ::group::Pre task execution logs
[2026-09-24T00:32:56.273+0000] {taskinstance.py:2631} INFO - Dependencies all met for dep_context=non-requeueable deps ti=<TaskInstance: ETL_Projeto.rodar_main manual__2026-09-24T00:32:55.601852+00:00 [queued]>
[2026-09-24T00:32:56.286+0000] {taskinstance.py:2631} INFO - Dependencies all met for dep_context=requeueable deps ti=<TaskInstance: ETL_Projeto.rodar_main manual__2026-09-24T00:32:55.601852+00:00 [queued]>
[2026-09-24T00:32:56.287+0000] {taskinstance.py:2884} INFO - Starting attempt 1 of 1
[2026-09-24T00:32:56.311+0000] {taskinstance.py:2907} INFO - Executing <Task(BashOperator): rodar_main> on 2026-09-24 00:32:55.601852+00:00
[2026-09-24T00:32:56.323+0000] {logging_mixin.py:190} WARNING - /home/***/.local/lib/python3.12/site-packages/***/task/task_runner/standard_task_runner.py:70 DeprecationWarning: This process (pid=292) is multi-threaded, use of fork() may lead to deadlocks in the child.
[2026-09-24T00:32:56.323+0000] {standard_task_runner.py:104} INFO - Running: ['***', 'tasks', 'run', 'ETL_Projeto', 'rodar_main', 'manual__2026-09-24T00:32:55.601852+00:00', '--job-id', '18', '--raw', '--subdir', 'DAGS_FOLDER/teste_python.py', '--cfg-path', '/tmp/tmp2ky2vhts']
[2026-09-24T00:32:56.326+0000] {standard_task_runner.py:72} INFO - Started process 293 to run task
[2026-09-24T00:32:56.327+0000] {standard_task_runner.py:105} INFO - Job 18: Subtask rodar_main
[2026-09-24T00:32:56.416+0000] {task_command.py:467} INFO - Running <TaskInstance: ETL_Projeto.rodar_main manual__2026-09-24T00:32:55.601852+00:00 [running]> on host fdf440abece8
[2026-09-24T00:32:56.576+0000] {taskinstance.py:3157} INFO - Exporting env vars: AIRFLOW_CTX_DAG_OWNER='***' AIRFLOW_CTX_DAG_ID='ETL_Projeto' AIRFLOW_CTX_TASK_ID='rodar_main' AIRFLOW_CTX_EXECUTION_DATE='2026-09-24T00:32:55.601852+00:00' AIRFLOW_CTX_TRY_NUMBER='1' AIRFLOW_CTX_DAG_RUN_ID='manual__2026-09-24T00:32:55.601852+00:00'
[2026-09-24T00:32:56.578+0000] {taskinstance.py:740} INFO - ::endgroup::
[2026-09-24T00:32:56.600+0000] {subprocess.py:78} INFO - Tmp dir root location: /tmp
[2026-09-24T00:32:56.602+0000] {subprocess.py:88} INFO - Running command: ['/usr/bin/bash', '-c', 'python main.py']
[2026-09-24T00:32:56.620+0000] {subprocess.py:99} INFO - Output:
[2026-09-24T00:32:56.664+0000] {subprocess.py:106} INFO - python: can't open file '/tmp/***tmpsgtga8vw/main.py': [Errno 2] No such file or directory
[2026-09-24T00:32:56.667+0000] {subprocess.py:110} INFO - Command exited with return code 2
[2026-09-24T00:32:56.688+0000] {taskinstance.py:3336} ERROR - Task failed with exception
Traceback (most recent call last):
  File "/home/airflow/.local/lib/python3.12/site-packages/airflow/models/taskinstance.py", line 776, in _execute_task
    result = _execute_callable(context=context, **execute_callable_kwargs)
             ^^^^^^^^^^^^^^^^^^^^^^^^^^^^^^^^^^^^^^^^^^^^^^^^^^^^^^^^^^^^^
  File "/home/airflow/.local/lib/python3.12/site-packages/airflow/models/taskinstance.py", line 742, in _execute_callable
    return ExecutionCallableRunner(
           ^^^^^^^^^^^^^^^^^^^^^^^^
  File "/home/airflow/.local/lib/python3.12/site-packages/airflow/utils/operator_helpers.py", line 252, in run
    return self.func(*args, **kwargs)
           ^^^^^^^^^^^^^^^^^^^^^^^^^^
  File "/home/airflow/.local/lib/python3.12/site-packages/airflow/models/baseoperator.py", line 424, in wrapper
    return func(self, *args, **kwargs)
           ^^^^^^^^^^^^^^^^^^^^^^^^^^^
  File "/home/airflow/.local/lib/python3.12/site-packages/airflow/operators/bash.py", line 276, in execute
    raise AirflowException(
airflow.exceptions.AirflowException: Bash command failed. The command returned a non-zero exit code 2.
[2026-09-24T00:32:56.697+0000] {taskinstance.py:1242} INFO - Marking task as FAILED. dag_id=ETL_Projeto, task_id=rodar_main, run_id=manual__2026-09-24T00:32:55.601852+00:00, execution_date=20260924T003255, start_date=20260924T003256, end_date=20260924T003256
[2026-09-24T00:32:56.747+0000] {taskinstance.py:349} INFO - ::group::Post task execution logs
[2026-09-24T00:32:56.749+0000] {standard_task_runner.py:124} ERROR - Failed to execute job 18 for task rodar_main (Bash command failed. The command returned a non-zero exit code 2.; 293)
Traceback (most recent call last):
  File "/home/airflow/.local/lib/python3.12/site-packages/airflow/task/task_runner/standard_task_runner.py", line 117, in _start_by_fork
    ret = args.func(args, dag=self.dag)
          ^^^^^^^^^^^^^^^^^^^^^^^^^^^^^
  File "/home/airflow/.local/lib/python3.12/site-packages/airflow/cli/cli_config.py", line 49, in command
    return func(*args, **kwargs)
           ^^^^^^^^^^^^^^^^^^^^^
  File "/home/airflow/.local/lib/python3.12/site-packages/airflow/utils/cli.py", line 116, in wrapper
    return f(*args, **kwargs)
           ^^^^^^^^^^^^^^^^^^
  File "/home/airflow/.local/lib/python3.12/site-packages/airflow/cli/commands/task_command.py", line 483, in task_run
    task_return_code = _run_task_by_selected_method(args, _dag, ti)
                       ^^^^^^^^^^^^^^^^^^^^^^^^^^^^^^^^^^^^^^^^^^^^
  File "/home/airflow/.local/lib/python3.12/site-packages/airflow/cli/commands/task_command.py", line 256, in _run_task_by_selected_method
    return _run_raw_task(args, ti)
           ^^^^^^^^^^^^^^^^^^^^^^^
  File "/home/airflow/.local/lib/python3.12/site-packages/airflow/cli/commands/task_command.py", line 341, in _run_raw_task
    return ti._run_raw_task(
           ^^^^^^^^^^^^^^^^^
  File "/home/airflow/.local/lib/python3.12/site-packages/airflow/utils/session.py", line 97, in wrapper
    return func(*args, session=session, **kwargs)
           ^^^^^^^^^^^^^^^^^^^^^^^^^^^^^^^^^^^^^^
  File "/home/airflow/.local/lib/python3.12/site-packages/airflow/models/taskinstance.py", line 3029, in _run_raw_task
    return _run_raw_task(
           ^^^^^^^^^^^^^^
  File "/home/airflow/.local/lib/python3.12/site-packages/airflow/models/taskinstance.py", line 282, in _run_raw_task
    TaskInstance._execute_task_with_callbacks(
  File "/home/airflow/.local/lib/python3.12/site-packages/airflow/models/taskinstance.py", line 3184, in _execute_task_with_callbacks
    result = self._execute_task(context, task_orig)
             ^^^^^^^^^^^^^^^^^^^^^^^^^^^^^^^^^^^^^^
  File "/home/airflow/.local/lib/python3.12/site-packages/airflow/models/taskinstance.py", line 3208, in _execute_task
    return _execute_task(self, context, task_orig)
           ^^^^^^^^^^^^^^^^^^^^^^^^^^^^^^^^^^^^^^^
  File "/home/airflow/.local/lib/python3.12/site-packages/airflow/models/taskinstance.py", line 776, in _execute_task
    result = _execute_callable(context=context, **execute_callable_kwargs)
             ^^^^^^^^^^^^^^^^^^^^^^^^^^^^^^^^^^^^^^^^^^^^^^^^^^^^^^^^^^^^^
  File "/home/airflow/.local/lib/python3.12/site-packages/airflow/models/taskinstance.py", line 742, in _execute_callable
    return ExecutionCallableRunner(
           ^^^^^^^^^^^^^^^^^^^^^^^^
  File "/home/airflow/.local/lib/python3.12/site-packages/airflow/utils/operator_helpers.py", line 252, in run
    return self.func(*args, **kwargs)
           ^^^^^^^^^^^^^^^^^^^^^^^^^^
  File "/home/airflow/.local/lib/python3.12/site-packages/airflow/models/baseoperator.py", line 424, in wrapper
    return func(self, *args, **kwargs)
           ^^^^^^^^^^^^^^^^^^^^^^^^^^^
  File "/home/airflow/.local/lib/python3.12/site-packages/airflow/operators/bash.py", line 276, in execute
    raise AirflowException(
airflow.exceptions.AirflowException: Bash command failed. The command returned a non-zero exit code 2.
[2026-09-24T00:32:56.787+0000] {local_task_job_runner.py:266} INFO - Task exited with return code 1
[2026-09-24T00:32:56.815+0000] {taskinstance.py:3924} INFO - 0 downstream tasks scheduled from follow-on schedule check
[2026-09-24T00:32:56.818+0000] {local_task_job_runner.py:245} INFO - ::endgroup::
