[2026-09-25T01:30:25.812+0000] {local_task_job_runner.py:123} INFO - ::group::Pre task execution logs
[2026-09-25T01:30:25.852+0000] {taskinstance.py:2631} INFO - Dependencies all met for dep_context=non-requeueable deps ti=<TaskInstance: ETL_Projeto.extract_load manual__2026-09-25T01:30:24.139754+00:00 [queued]>
[2026-09-25T01:30:25.867+0000] {taskinstance.py:2631} INFO - Dependencies all met for dep_context=requeueable deps ti=<TaskInstance: ETL_Projeto.extract_load manual__2026-09-25T01:30:24.139754+00:00 [queued]>
[2026-09-25T01:30:25.868+0000] {taskinstance.py:2884} INFO - Starting attempt 1 of 1
[2026-09-25T01:30:25.889+0000] {taskinstance.py:2907} INFO - Executing <Task(DockerOperator): extract_load> on 2026-09-25 01:30:24.139754+00:00
[2026-09-25T01:30:25.901+0000] {logging_mixin.py:190} WARNING - /home/***/.local/lib/python3.12/site-packages/***/task/task_runner/standard_task_runner.py:70 DeprecationWarning: This process (pid=3517) is multi-threaded, use of fork() may lead to deadlocks in the child.
[2026-09-25T01:30:25.906+0000] {standard_task_runner.py:72} INFO - Started process 3518 to run task
[2026-09-25T01:30:25.901+0000] {standard_task_runner.py:104} INFO - Running: ['***', 'tasks', 'run', 'ETL_Projeto', 'extract_load', 'manual__2026-09-25T01:30:24.139754+00:00', '--job-id', '37', '--raw', '--subdir', 'DAGS_FOLDER/teste_python.py', '--cfg-path', '/tmp/tmpbs0uzyfv']
[2026-09-25T01:30:25.912+0000] {standard_task_runner.py:105} INFO - Job 37: Subtask extract_load
[2026-09-25T01:30:26.011+0000] {task_command.py:467} INFO - Running <TaskInstance: ETL_Projeto.extract_load manual__2026-09-25T01:30:24.139754+00:00 [running]> on host b6255e59cd80
[2026-09-25T01:30:26.157+0000] {taskinstance.py:3157} INFO - Exporting env vars: AIRFLOW_CTX_DAG_OWNER='***' AIRFLOW_CTX_DAG_ID='ETL_Projeto' AIRFLOW_CTX_TASK_ID='extract_load' AIRFLOW_CTX_EXECUTION_DATE='2026-09-25T01:30:24.139754+00:00' AIRFLOW_CTX_TRY_NUMBER='1' AIRFLOW_CTX_DAG_RUN_ID='manual__2026-09-25T01:30:24.139754+00:00'
[2026-09-25T01:30:26.158+0000] {taskinstance.py:740} INFO - ::endgroup::
[2026-09-25T01:30:26.287+0000] {docker.py:352} INFO - Starting docker container from image etl_app
[2026-09-25T01:30:26.307+0000] {docker.py:360} WARNING - Using remote engine or docker-in-docker and mounting temporary volume from host is not supported. Falling back to `mount_tmp_dir=False` mode. You can set `mount_tmp_dir` parameter to False to disable mounting and remove the warning
[2026-09-25T01:30:27.351+0000] {docker.py:72} INFO - Seed executado com sucesso!
[2026-09-25T01:30:27.352+0000] {docker.py:72} INFO - CLIENTES:
[2026-09-25T01:30:27.354+0000] {docker.py:72} INFO - (1, 1, 'Francisco', datetime.date(1968, 11, 9), '12345678912', 'M', 'Engenheiro de Dados', '1111111111', 4)
[2026-09-25T01:30:27.355+0000] {docker.py:72} INFO - Carga efetuada com sucesso!
[2026-09-25T01:30:27.356+0000] {docker.py:72} INFO - CLINICAS:
[2026-09-25T01:30:27.357+0000] {docker.py:72} INFO - (1, 'Clínica Alpha', '11111111111111111')
[2026-09-25T01:30:27.358+0000] {docker.py:72} INFO - Carga efetuada com sucesso!
[2026-09-25T01:30:27.359+0000] {docker.py:72} INFO - Carga realizada!
[2026-09-25T01:30:27.610+0000] {taskinstance.py:349} INFO - ::group::Post task execution logs
[2026-09-25T01:30:27.612+0000] {taskinstance.py:361} INFO - Marking task as SUCCESS. dag_id=ETL_Projeto, task_id=extract_load, run_id=manual__2026-09-25T01:30:24.139754+00:00, execution_date=20260925T013024, start_date=20260925T013025, end_date=20260925T013027
[2026-09-25T01:30:27.703+0000] {local_task_job_runner.py:266} INFO - Task exited with return code 0
[2026-09-25T01:30:27.751+0000] {taskinstance.py:3924} INFO - 1 downstream tasks scheduled from follow-on schedule check
[2026-09-25T01:30:27.754+0000] {local_task_job_runner.py:245} INFO - ::endgroup::
