[2026-09-25T02:00:42.578+0000] {processor.py:186} INFO - Started process (PID=4140) to work on /opt/airflow/dags/ELT_Projeto.py
[2026-09-25T02:00:42.581+0000] {processor.py:914} INFO - Processing file /opt/airflow/dags/ELT_Projeto.py for tasks to queue
[2026-09-25T02:00:42.585+0000] {logging_mixin.py:190} INFO - [2026-09-25T02:00:42.582+0000] {dagbag.py:588} INFO - Filling up the DagBag from /opt/airflow/dags/ELT_Projeto.py
[2026-09-25T02:00:42.622+0000] {processor.py:925} INFO - DAG(s) 'ELT_Projeto' retrieved from /opt/airflow/dags/ELT_Projeto.py
[2026-09-25T02:00:42.835+0000] {logging_mixin.py:190} INFO - [2026-09-25T02:00:42.833+0000] {override.py:1930} INFO - Created Permission View: can delete on DAG:ELT_Projeto
[2026-09-25T02:00:42.849+0000] {logging_mixin.py:190} INFO - [2026-09-25T02:00:42.849+0000] {override.py:1930} INFO - Created Permission View: can edit on DAG:ELT_Projeto
[2026-09-25T02:00:42.858+0000] {logging_mixin.py:190} INFO - [2026-09-25T02:00:42.858+0000] {override.py:1930} INFO - Created Permission View: can read on DAG:ELT_Projeto
[2026-09-25T02:00:42.868+0000] {logging_mixin.py:190} INFO - [2026-09-25T02:00:42.868+0000] {override.py:1930} INFO - Created Permission View: can delete on DAG Run:ELT_Projeto
[2026-09-25T02:00:42.876+0000] {logging_mixin.py:190} INFO - [2026-09-25T02:00:42.876+0000] {override.py:1930} INFO - Created Permission View: menu access on DAG Run:ELT_Projeto
[2026-09-25T02:00:42.885+0000] {logging_mixin.py:190} INFO - [2026-09-25T02:00:42.885+0000] {override.py:1930} INFO - Created Permission View: can create on DAG Run:ELT_Projeto
[2026-09-25T02:00:42.895+0000] {logging_mixin.py:190} INFO - [2026-09-25T02:00:42.895+0000] {override.py:1930} INFO - Created Permission View: can read on DAG Run:ELT_Projeto
[2026-09-25T02:00:42.896+0000] {logging_mixin.py:190} INFO - [2026-09-25T02:00:42.896+0000] {dag.py:3239} INFO - Sync 1 DAGs
[2026-09-25T02:00:42.915+0000] {logging_mixin.py:190} INFO - [2026-09-25T02:00:42.915+0000] {dag.py:3262} INFO - Creating ORM DAG for ELT_Projeto
[2026-09-25T02:00:42.917+0000] {logging_mixin.py:190} INFO - [2026-09-25T02:00:42.916+0000] {dag.py:4180} INFO - Setting next_dagrun for ELT_Projeto to None, run_after=None
[2026-09-25T02:00:43.185+0000] {processor.py:208} INFO - Processing /opt/airflow/dags/ELT_Projeto.py took 0.617 seconds
[2026-09-25T02:01:13.561+0000] {processor.py:186} INFO - Started process (PID=4145) to work on /opt/airflow/dags/ELT_Projeto.py
[2026-09-25T02:01:13.564+0000] {processor.py:914} INFO - Processing file /opt/airflow/dags/ELT_Projeto.py for tasks to queue
[2026-09-25T02:01:13.567+0000] {logging_mixin.py:190} INFO - [2026-09-25T02:01:13.567+0000] {dagbag.py:588} INFO - Filling up the DagBag from /opt/airflow/dags/ELT_Projeto.py
[2026-09-25T02:01:13.599+0000] {processor.py:925} INFO - DAG(s) 'ELT_Projeto' retrieved from /opt/airflow/dags/ELT_Projeto.py
[2026-09-25T02:01:13.655+0000] {logging_mixin.py:190} INFO - [2026-09-25T02:01:13.655+0000] {dag.py:3239} INFO - Sync 1 DAGs
[2026-09-25T02:01:13.681+0000] {logging_mixin.py:190} INFO - [2026-09-25T02:01:13.680+0000] {dag.py:4180} INFO - Setting next_dagrun for ELT_Projeto to None, run_after=None
[2026-09-25T02:01:13.709+0000] {processor.py:208} INFO - Processing /opt/airflow/dags/ELT_Projeto.py took 0.159 seconds
[2026-09-25T02:01:44.039+0000] {processor.py:186} INFO - Started process (PID=4150) to work on /opt/airflow/dags/ELT_Projeto.py
[2026-09-25T02:01:44.041+0000] {processor.py:914} INFO - Processing file /opt/airflow/dags/ELT_Projeto.py for tasks to queue
[2026-09-25T02:01:44.044+0000] {logging_mixin.py:190} INFO - [2026-09-25T02:01:44.043+0000] {dagbag.py:588} INFO - Filling up the DagBag from /opt/airflow/dags/ELT_Projeto.py
[2026-09-25T02:01:44.072+0000] {processor.py:925} INFO - DAG(s) 'ELT_Projeto' retrieved from /opt/airflow/dags/ELT_Projeto.py
[2026-09-25T02:01:44.123+0000] {logging_mixin.py:190} INFO - [2026-09-25T02:01:44.123+0000] {dag.py:3239} INFO - Sync 1 DAGs
[2026-09-25T02:01:44.151+0000] {logging_mixin.py:190} INFO - [2026-09-25T02:01:44.150+0000] {dag.py:4180} INFO - Setting next_dagrun for ELT_Projeto to None, run_after=None
[2026-09-25T02:01:44.181+0000] {processor.py:208} INFO - Processing /opt/airflow/dags/ELT_Projeto.py took 0.156 seconds
