[2026-09-25T01:44:45.074+0000] {local_task_job_runner.py:123} INFO - ::group::Pre task execution logs
[2026-09-25T01:44:45.108+0000] {taskinstance.py:2631} INFO - Dependencies all met for dep_context=non-requeueable deps ti=<TaskInstance: ETL_Projeto.seed_oltp manual__2026-09-25T01:44:43.946070+00:00 [queued]>
[2026-09-25T01:44:45.123+0000] {taskinstance.py:2631} INFO - Dependencies all met for dep_context=requeueable deps ti=<TaskInstance: ETL_Projeto.seed_oltp manual__2026-09-25T01:44:43.946070+00:00 [queued]>
[2026-09-25T01:44:45.126+0000] {taskinstance.py:2884} INFO - Starting attempt 1 of 1
[2026-09-25T01:44:45.145+0000] {taskinstance.py:2907} INFO - Executing <Task(DockerOperator): seed_oltp> on 2026-09-25 01:44:43.946070+00:00
[2026-09-25T01:44:45.159+0000] {logging_mixin.py:190} WARNING - /home/***/.local/lib/python3.12/site-packages/***/task/task_runner/standard_task_runner.py:70 DeprecationWarning: This process (pid=3826) is multi-threaded, use of fork() may lead to deadlocks in the child.
[2026-09-25T01:44:45.162+0000] {standard_task_runner.py:72} INFO - Started process 3832 to run task
[2026-09-25T01:44:45.159+0000] {standard_task_runner.py:104} INFO - Running: ['***', 'tasks', 'run', 'ETL_Projeto', 'seed_oltp', 'manual__2026-09-25T01:44:43.946070+00:00', '--job-id', '45', '--raw', '--subdir', 'DAGS_FOLDER/teste_python.py', '--cfg-path', '/tmp/tmplb5hed0w']
[2026-09-25T01:44:45.166+0000] {standard_task_runner.py:105} INFO - Job 45: Subtask seed_oltp
[2026-09-25T01:44:45.248+0000] {task_command.py:467} INFO - Running <TaskInstance: ETL_Projeto.seed_oltp manual__2026-09-25T01:44:43.946070+00:00 [running]> on host b6255e59cd80
[2026-09-25T01:44:45.392+0000] {taskinstance.py:3157} INFO - Exporting env vars: AIRFLOW_CTX_DAG_OWNER='***' AIRFLOW_CTX_DAG_ID='ETL_Projeto' AIRFLOW_CTX_TASK_ID='seed_oltp' AIRFLOW_CTX_EXECUTION_DATE='2026-09-25T01:44:43.946070+00:00' AIRFLOW_CTX_TRY_NUMBER='1' AIRFLOW_CTX_DAG_RUN_ID='manual__2026-09-25T01:44:43.946070+00:00'
[2026-09-25T01:44:45.393+0000] {taskinstance.py:740} INFO - ::endgroup::
[2026-09-25T01:44:45.507+0000] {docker.py:352} INFO - Starting docker container from image etl_app:latest
[2026-09-25T01:44:45.517+0000] {docker.py:360} WARNING - Using remote engine or docker-in-docker and mounting temporary volume from host is not supported. Falling back to `mount_tmp_dir=False` mode. You can set `mount_tmp_dir` parameter to False to disable mounting and remove the warning
[2026-09-25T01:44:46.201+0000] {docker.py:72} INFO - Seed executado com sucesso!
[2026-09-25T01:44:46.620+0000] {taskinstance.py:349} INFO - ::group::Post task execution logs
[2026-09-25T01:44:46.622+0000] {taskinstance.py:361} INFO - Marking task as SUCCESS. dag_id=ETL_Projeto, task_id=seed_oltp, run_id=manual__2026-09-25T01:44:43.946070+00:00, execution_date=20260925T014443, start_date=20260925T014445, end_date=20260925T014446
[2026-09-25T01:44:46.715+0000] {local_task_job_runner.py:266} INFO - Task exited with return code 0
[2026-09-25T01:44:46.763+0000] {taskinstance.py:3924} INFO - 1 downstream tasks scheduled from follow-on schedule check
[2026-09-25T01:44:46.767+0000] {local_task_job_runner.py:245} INFO - ::endgroup::
