[2026-09-23T23:58:18.331+0000] {local_task_job_runner.py:123} INFO - ::group::Pre task execution logs
[2026-09-23T23:58:18.364+0000] {taskinstance.py:2631} INFO - Dependencies all met for dep_context=non-requeueable deps ti=<TaskInstance: hello_airflow.inicio manual__2026-09-23T23:58:17.418456+00:00 [queued]>
[2026-09-23T23:58:18.377+0000] {taskinstance.py:2631} INFO - Dependencies all met for dep_context=requeueable deps ti=<TaskInstance: hello_airflow.inicio manual__2026-09-23T23:58:17.418456+00:00 [queued]>
[2026-09-23T23:58:18.380+0000] {taskinstance.py:2884} INFO - Starting attempt 1 of 1
[2026-09-23T23:58:18.401+0000] {taskinstance.py:2907} INFO - Executing <Task(BashOperator): inicio> on 2026-09-23 23:58:17.418456+00:00
[2026-09-23T23:58:18.413+0000] {logging_mixin.py:190} WARNING - /home/***/.local/lib/python3.12/site-packages/***/task/task_runner/standard_task_runner.py:70 DeprecationWarning: This process (pid=365) is multi-threaded, use of fork() may lead to deadlocks in the child.
[2026-09-23T23:58:18.416+0000] {standard_task_runner.py:72} INFO - Started process 366 to run task
[2026-09-23T23:58:18.414+0000] {standard_task_runner.py:104} INFO - Running: ['***', 'tasks', 'run', 'hello_***', 'inicio', 'manual__2026-09-23T23:58:17.418456+00:00', '--job-id', '6', '--raw', '--subdir', 'DAGS_FOLDER/hello_***.py', '--cfg-path', '/tmp/tmp513vlumj']
[2026-09-23T23:58:18.418+0000] {standard_task_runner.py:105} INFO - Job 6: Subtask inicio
[2026-09-23T23:58:18.512+0000] {task_command.py:467} INFO - Running <TaskInstance: hello_airflow.inicio manual__2026-09-23T23:58:17.418456+00:00 [running]> on host 025cd88dfcae
[2026-09-23T23:58:18.678+0000] {taskinstance.py:3157} INFO - Exporting env vars: AIRFLOW_CTX_DAG_OWNER='***' AIRFLOW_CTX_DAG_ID='hello_***' AIRFLOW_CTX_TASK_ID='inicio' AIRFLOW_CTX_EXECUTION_DATE='2026-09-23T23:58:17.418456+00:00' AIRFLOW_CTX_TRY_NUMBER='1' AIRFLOW_CTX_DAG_RUN_ID='manual__2026-09-23T23:58:17.418456+00:00'
[2026-09-23T23:58:18.679+0000] {taskinstance.py:740} INFO - ::endgroup::
[2026-09-23T23:58:18.712+0000] {subprocess.py:78} INFO - Tmp dir root location: /tmp
[2026-09-23T23:58:18.715+0000] {subprocess.py:88} INFO - Running command: ['/usr/bin/bash', '-c', 'echo "Início da DAG"']
[2026-09-23T23:58:18.730+0000] {subprocess.py:99} INFO - Output:
[2026-09-23T23:58:18.733+0000] {subprocess.py:106} INFO - Início da DAG
[2026-09-23T23:58:18.734+0000] {subprocess.py:110} INFO - Command exited with return code 0
[2026-09-23T23:58:18.780+0000] {taskinstance.py:349} INFO - ::group::Post task execution logs
[2026-09-23T23:58:18.782+0000] {taskinstance.py:361} INFO - Marking task as SUCCESS. dag_id=hello_***, task_id=inicio, run_id=manual__2026-09-23T23:58:17.418456+00:00, execution_date=20260923T235817, start_date=20260923T235818, end_date=20260923T235818
[2026-09-23T23:58:18.877+0000] {local_task_job_runner.py:266} INFO - Task exited with return code 0
[2026-09-23T23:58:18.920+0000] {taskinstance.py:3924} INFO - 1 downstream tasks scheduled from follow-on schedule check
[2026-09-23T23:58:18.924+0000] {local_task_job_runner.py:245} INFO - ::endgroup::
