[2026-09-23T23:48:09.635+0000] {local_task_job_runner.py:123} INFO - ::group::Pre task execution logs
[2026-09-23T23:48:09.682+0000] {taskinstance.py:2631} INFO - Dependencies all met for dep_context=non-requeueable deps ti=<TaskInstance: hello_airflow.meio manual__2026-09-23T23:48:07.694451+00:00 [queued]>
[2026-09-23T23:48:09.697+0000] {taskinstance.py:2631} INFO - Dependencies all met for dep_context=requeueable deps ti=<TaskInstance: hello_airflow.meio manual__2026-09-23T23:48:07.694451+00:00 [queued]>
[2026-09-23T23:48:09.699+0000] {taskinstance.py:2884} INFO - Starting attempt 1 of 1
[2026-09-23T23:48:09.721+0000] {taskinstance.py:2907} INFO - Executing <Task(BashOperator): meio> on 2026-09-23 23:48:07.694451+00:00
[2026-09-23T23:48:09.735+0000] {logging_mixin.py:190} WARNING - /home/***/.local/lib/python3.12/site-packages/***/task/task_runner/standard_task_runner.py:70 DeprecationWarning: This process (pid=257) is multi-threaded, use of fork() may lead to deadlocks in the child.
[2026-09-23T23:48:09.735+0000] {standard_task_runner.py:104} INFO - Running: ['***', 'tasks', 'run', 'hello_***', 'meio', 'manual__2026-09-23T23:48:07.694451+00:00', '--job-id', '4', '--raw', '--subdir', 'DAGS_FOLDER/hello_***.py', '--cfg-path', '/tmp/tmp28re7_g5']
[2026-09-23T23:48:09.738+0000] {standard_task_runner.py:72} INFO - Started process 258 to run task
[2026-09-23T23:48:09.739+0000] {standard_task_runner.py:105} INFO - Job 4: Subtask meio
[2026-09-23T23:48:09.839+0000] {task_command.py:467} INFO - Running <TaskInstance: hello_airflow.meio manual__2026-09-23T23:48:07.694451+00:00 [running]> on host 025cd88dfcae
[2026-09-23T23:48:10.004+0000] {taskinstance.py:3157} INFO - Exporting env vars: AIRFLOW_CTX_DAG_OWNER='***' AIRFLOW_CTX_DAG_ID='hello_***' AIRFLOW_CTX_TASK_ID='meio' AIRFLOW_CTX_EXECUTION_DATE='2026-09-23T23:48:07.694451+00:00' AIRFLOW_CTX_TRY_NUMBER='1' AIRFLOW_CTX_DAG_RUN_ID='manual__2026-09-23T23:48:07.694451+00:00'
[2026-09-23T23:48:10.006+0000] {taskinstance.py:740} INFO - ::endgroup::
[2026-09-23T23:48:10.037+0000] {subprocess.py:78} INFO - Tmp dir root location: /tmp
[2026-09-23T23:48:10.040+0000] {subprocess.py:88} INFO - Running command: ['/usr/bin/bash', '-c', 'echo "Olá Breno, sua primeira DAG está funcionando!"']
[2026-09-23T23:48:10.058+0000] {subprocess.py:99} INFO - Output:
[2026-09-23T23:48:10.063+0000] {subprocess.py:106} INFO - Olá Breno, sua primeira DAG está funcionando!
[2026-09-23T23:48:10.064+0000] {subprocess.py:110} INFO - Command exited with return code 0
[2026-09-23T23:48:10.115+0000] {taskinstance.py:349} INFO - ::group::Post task execution logs
[2026-09-23T23:48:10.117+0000] {taskinstance.py:361} INFO - Marking task as SUCCESS. dag_id=hello_***, task_id=meio, run_id=manual__2026-09-23T23:48:07.694451+00:00, execution_date=20260923T234807, start_date=20260923T234809, end_date=20260923T234810
[2026-09-23T23:48:10.201+0000] {local_task_job_runner.py:266} INFO - Task exited with return code 0
[2026-09-23T23:48:10.241+0000] {taskinstance.py:3924} INFO - 1 downstream tasks scheduled from follow-on schedule check
[2026-09-23T23:48:10.245+0000] {local_task_job_runner.py:245} INFO - ::endgroup::
