[2026-09-25T01:44:47.248+0000] {local_task_job_runner.py:123} INFO - ::group::Pre task execution logs
[2026-09-25T01:44:47.290+0000] {taskinstance.py:2631} INFO - Dependencies all met for dep_context=non-requeueable deps ti=<TaskInstance: ETL_Projeto.extract_load manual__2026-09-25T01:44:43.946070+00:00 [queued]>
[2026-09-25T01:44:47.305+0000] {taskinstance.py:2631} INFO - Dependencies all met for dep_context=requeueable deps ti=<TaskInstance: ETL_Projeto.extract_load manual__2026-09-25T01:44:43.946070+00:00 [queued]>
[2026-09-25T01:44:47.306+0000] {taskinstance.py:2884} INFO - Starting attempt 1 of 1
[2026-09-25T01:44:47.325+0000] {taskinstance.py:2907} INFO - Executing <Task(DockerOperator): extract_load> on 2026-09-25 01:44:43.946070+00:00
[2026-09-25T01:44:47.337+0000] {standard_task_runner.py:104} INFO - Running: ['***', 'tasks', 'run', 'ETL_Projeto', 'extract_load', 'manual__2026-09-25T01:44:43.946070+00:00', '--job-id', '46', '--raw', '--subdir', 'DAGS_FOLDER/teste_python.py', '--cfg-path', '/tmp/tmps2ep94ge']
[2026-09-25T01:44:47.339+0000] {logging_mixin.py:190} WARNING - /home/***/.local/lib/python3.12/site-packages/***/task/task_runner/standard_task_runner.py:70 DeprecationWarning: This process (pid=3834) is multi-threaded, use of fork() may lead to deadlocks in the child.
[2026-09-25T01:44:47.342+0000] {standard_task_runner.py:105} INFO - Job 46: Subtask extract_load
[2026-09-25T01:44:47.342+0000] {standard_task_runner.py:72} INFO - Started process 3835 to run task
[2026-09-25T01:44:47.425+0000] {task_command.py:467} INFO - Running <TaskInstance: ETL_Projeto.extract_load manual__2026-09-25T01:44:43.946070+00:00 [running]> on host b6255e59cd80
[2026-09-25T01:44:47.649+0000] {taskinstance.py:3157} INFO - Exporting env vars: AIRFLOW_CTX_DAG_OWNER='***' AIRFLOW_CTX_DAG_ID='ETL_Projeto' AIRFLOW_CTX_TASK_ID='extract_load' AIRFLOW_CTX_EXECUTION_DATE='2026-09-25T01:44:43.946070+00:00' AIRFLOW_CTX_TRY_NUMBER='1' AIRFLOW_CTX_DAG_RUN_ID='manual__2026-09-25T01:44:43.946070+00:00'
[2026-09-25T01:44:47.651+0000] {taskinstance.py:740} INFO - ::endgroup::
[2026-09-25T01:44:47.808+0000] {docker.py:352} INFO - Starting docker container from image etl_app
[2026-09-25T01:44:47.826+0000] {docker.py:360} WARNING - Using remote engine or docker-in-docker and mounting temporary volume from host is not supported. Falling back to `mount_tmp_dir=False` mode. You can set `mount_tmp_dir` parameter to False to disable mounting and remove the warning
[2026-09-25T01:44:48.686+0000] {docker.py:72} INFO - CLIENTES:
[2026-09-25T01:44:48.688+0000] {docker.py:72} INFO - (1, 1, 'Francisco', datetime.date(1968, 11, 9), '12345678912', 'M', 'Engenheiro de Dados', '1111111111', 4)
[2026-09-25T01:44:48.689+0000] {docker.py:72} INFO - Carga efetuada com sucesso!
[2026-09-25T01:44:48.691+0000] {docker.py:72} INFO - CLINICAS:
[2026-09-25T01:44:48.692+0000] {docker.py:72} INFO - (1, 'Clínica Alpha', '11111111111111111')
[2026-09-25T01:44:48.693+0000] {docker.py:72} INFO - Carga efetuada com sucesso!
[2026-09-25T01:44:48.694+0000] {docker.py:72} INFO - Carga realizada!
[2026-09-25T01:44:48.972+0000] {taskinstance.py:349} INFO - ::group::Post task execution logs
[2026-09-25T01:44:48.973+0000] {taskinstance.py:361} INFO - Marking task as SUCCESS. dag_id=ETL_Projeto, task_id=extract_load, run_id=manual__2026-09-25T01:44:43.946070+00:00, execution_date=20260925T014443, start_date=20260925T014447, end_date=20260925T014448
[2026-09-25T01:44:49.069+0000] {local_task_job_runner.py:266} INFO - Task exited with return code 0
[2026-09-25T01:44:49.113+0000] {taskinstance.py:3924} INFO - 1 downstream tasks scheduled from follow-on schedule check
[2026-09-25T01:44:49.116+0000] {local_task_job_runner.py:245} INFO - ::endgroup::
