[2026-09-24T00:41:50.605+0000] {local_task_job_runner.py:123} INFO - ::group::Pre task execution logs
[2026-09-24T00:41:50.643+0000] {taskinstance.py:2631} INFO - Dependencies all met for dep_context=non-requeueable deps ti=<TaskInstance: ETL_Projeto.extract_load manual__2026-09-24T00:41:49.459998+00:00 [queued]>
[2026-09-24T00:41:50.657+0000] {taskinstance.py:2631} INFO - Dependencies all met for dep_context=requeueable deps ti=<TaskInstance: ETL_Projeto.extract_load manual__2026-09-24T00:41:49.459998+00:00 [queued]>
[2026-09-24T00:41:50.658+0000] {taskinstance.py:2884} INFO - Starting attempt 1 of 1
[2026-09-24T00:41:50.678+0000] {taskinstance.py:2907} INFO - Executing <Task(BashOperator): extract_load> on 2026-09-24 00:41:49.459998+00:00
[2026-09-24T00:41:50.693+0000] {logging_mixin.py:190} WARNING - /home/***/.local/lib/python3.12/site-packages/***/task/task_runner/standard_task_runner.py:70 DeprecationWarning: This process (pid=334) is multi-threaded, use of fork() may lead to deadlocks in the child.
[2026-09-24T00:41:50.693+0000] {standard_task_runner.py:104} INFO - Running: ['***', 'tasks', 'run', 'ETL_Projeto', 'extract_load', 'manual__2026-09-24T00:41:49.459998+00:00', '--job-id', '24', '--raw', '--subdir', 'DAGS_FOLDER/teste_python.py', '--cfg-path', '/tmp/tmp4_pvi0n0']
[2026-09-24T00:41:50.696+0000] {standard_task_runner.py:72} INFO - Started process 335 to run task
[2026-09-24T00:41:50.697+0000] {standard_task_runner.py:105} INFO - Job 24: Subtask extract_load
[2026-09-24T00:41:50.788+0000] {task_command.py:467} INFO - Running <TaskInstance: ETL_Projeto.extract_load manual__2026-09-24T00:41:49.459998+00:00 [running]> on host 96a028e03fa0
[2026-09-24T00:41:50.940+0000] {taskinstance.py:3157} INFO - Exporting env vars: AIRFLOW_CTX_DAG_OWNER='***' AIRFLOW_CTX_DAG_ID='ETL_Projeto' AIRFLOW_CTX_TASK_ID='extract_load' AIRFLOW_CTX_EXECUTION_DATE='2026-09-24T00:41:49.459998+00:00' AIRFLOW_CTX_TRY_NUMBER='1' AIRFLOW_CTX_DAG_RUN_ID='manual__2026-09-24T00:41:49.459998+00:00'
[2026-09-24T00:41:50.943+0000] {taskinstance.py:740} INFO - ::endgroup::
[2026-09-24T00:41:50.965+0000] {subprocess.py:78} INFO - Tmp dir root location: /tmp
[2026-09-24T00:41:50.972+0000] {subprocess.py:88} INFO - Running command: ['/usr/bin/bash', '-c', 'python /projeto/main.py']
[2026-09-24T00:41:50.992+0000] {subprocess.py:99} INFO - Output:
[2026-09-24T00:41:51.763+0000] {subprocess.py:106} INFO - Traceback (most recent call last):
[2026-09-24T00:41:51.764+0000] {subprocess.py:106} INFO -   File "/projeto/main.py", line 5, in <module>
[2026-09-24T00:41:51.765+0000] {subprocess.py:106} INFO -     seeds_main()
[2026-09-24T00:41:51.768+0000] {subprocess.py:106} INFO -   File "/projeto/seeds/seed_oltp.py", line 96, in seeds_main
[2026-09-24T00:41:51.773+0000] {subprocess.py:106} INFO -     conn = get_connect_dw()
[2026-09-24T00:41:51.774+0000] {subprocess.py:106} INFO -            ^^^^^^^^^^^^^^^^
[2026-09-24T00:41:51.777+0000] {subprocess.py:106} INFO -   File "/projeto/config.py", line 8, in get_connect_dw
[2026-09-24T00:41:51.779+0000] {subprocess.py:106} INFO -     conn = psycopg2.connect(
[2026-09-24T00:41:51.783+0000] {subprocess.py:106} INFO -            ^^^^^^^^^^^^^^^^^
[2026-09-24T00:41:51.784+0000] {subprocess.py:106} INFO -   File "/home/***/.local/lib/python3.12/site-packages/psycopg2/__init__.py", line 122, in connect
[2026-09-24T00:41:51.786+0000] {subprocess.py:106} INFO -     conn = _connect(dsn, connection_factory=connection_factory, **kwasync)
[2026-09-24T00:41:51.787+0000] {subprocess.py:106} INFO -            ^^^^^^^^^^^^^^^^^^^^^^^^^^^^^^^^^^^^^^^^^^^^^^^^^^^^^^^^^^^^^^^
[2026-09-24T00:41:51.788+0000] {subprocess.py:106} INFO - psycopg2.OperationalError: connection to server on socket "/var/run/postgresql/.s.PGSQL.5432" failed: No such file or directory
[2026-09-24T00:41:51.789+0000] {subprocess.py:106} INFO - 	Is the server running locally and accepting connections on that socket?
[2026-09-24T00:41:51.790+0000] {subprocess.py:106} INFO - 
[2026-09-24T00:41:51.801+0000] {subprocess.py:110} INFO - Command exited with return code 1
[2026-09-24T00:41:51.826+0000] {taskinstance.py:3336} ERROR - Task failed with exception
Traceback (most recent call last):
  File "/home/airflow/.local/lib/python3.12/site-packages/airflow/models/taskinstance.py", line 776, in _execute_task
    result = _execute_callable(context=context, **execute_callable_kwargs)
             ^^^^^^^^^^^^^^^^^^^^^^^^^^^^^^^^^^^^^^^^^^^^^^^^^^^^^^^^^^^^^
  File "/home/airflow/.local/lib/python3.12/site-packages/airflow/models/taskinstance.py", line 742, in _execute_callable
    return ExecutionCallableRunner(
           ^^^^^^^^^^^^^^^^^^^^^^^^
  File "/home/airflow/.local/lib/python3.12/site-packages/airflow/utils/operator_helpers.py", line 252, in run
    return self.func(*args, **kwargs)
           ^^^^^^^^^^^^^^^^^^^^^^^^^^
  File "/home/airflow/.local/lib/python3.12/site-packages/airflow/models/baseoperator.py", line 424, in wrapper
    return func(self, *args, **kwargs)
           ^^^^^^^^^^^^^^^^^^^^^^^^^^^
  File "/home/airflow/.local/lib/python3.12/site-packages/airflow/operators/bash.py", line 276, in execute
    raise AirflowException(
airflow.exceptions.AirflowException: Bash command failed. The command returned a non-zero exit code 1.
[2026-09-24T00:41:51.834+0000] {taskinstance.py:1242} INFO - Marking task as FAILED. dag_id=ETL_Projeto, task_id=extract_load, run_id=manual__2026-09-24T00:41:49.459998+00:00, execution_date=20260924T004149, start_date=20260924T004150, end_date=20260924T004151
[2026-09-24T00:41:51.888+0000] {taskinstance.py:349} INFO - ::group::Post task execution logs
[2026-09-24T00:41:51.889+0000] {standard_task_runner.py:124} ERROR - Failed to execute job 24 for task extract_load (Bash command failed. The command returned a non-zero exit code 1.; 335)
Traceback (most recent call last):
  File "/home/airflow/.local/lib/python3.12/site-packages/airflow/task/task_runner/standard_task_runner.py", line 117, in _start_by_fork
    ret = args.func(args, dag=self.dag)
          ^^^^^^^^^^^^^^^^^^^^^^^^^^^^^
  File "/home/airflow/.local/lib/python3.12/site-packages/airflow/cli/cli_config.py", line 49, in command
    return func(*args, **kwargs)
           ^^^^^^^^^^^^^^^^^^^^^
  File "/home/airflow/.local/lib/python3.12/site-packages/airflow/utils/cli.py", line 116, in wrapper
    return f(*args, **kwargs)
           ^^^^^^^^^^^^^^^^^^
  File "/home/airflow/.local/lib/python3.12/site-packages/airflow/cli/commands/task_command.py", line 483, in task_run
    task_return_code = _run_task_by_selected_method(args, _dag, ti)
                       ^^^^^^^^^^^^^^^^^^^^^^^^^^^^^^^^^^^^^^^^^^^^
  File "/home/airflow/.local/lib/python3.12/site-packages/airflow/cli/commands/task_command.py", line 256, in _run_task_by_selected_method
    return _run_raw_task(args, ti)
           ^^^^^^^^^^^^^^^^^^^^^^^
  File "/home/airflow/.local/lib/python3.12/site-packages/airflow/cli/commands/task_command.py", line 341, in _run_raw_task
    return ti._run_raw_task(
           ^^^^^^^^^^^^^^^^^
  File "/home/airflow/.local/lib/python3.12/site-packages/airflow/utils/session.py", line 97, in wrapper
    return func(*args, session=session, **kwargs)
           ^^^^^^^^^^^^^^^^^^^^^^^^^^^^^^^^^^^^^^
  File "/home/airflow/.local/lib/python3.12/site-packages/airflow/models/taskinstance.py", line 3029, in _run_raw_task
    return _run_raw_task(
           ^^^^^^^^^^^^^^
  File "/home/airflow/.local/lib/python3.12/site-packages/airflow/models/taskinstance.py", line 282, in _run_raw_task
    TaskInstance._execute_task_with_callbacks(
  File "/home/airflow/.local/lib/python3.12/site-packages/airflow/models/taskinstance.py", line 3184, in _execute_task_with_callbacks
    result = self._execute_task(context, task_orig)
             ^^^^^^^^^^^^^^^^^^^^^^^^^^^^^^^^^^^^^^
  File "/home/airflow/.local/lib/python3.12/site-packages/airflow/models/taskinstance.py", line 3208, in _execute_task
    return _execute_task(self, context, task_orig)
           ^^^^^^^^^^^^^^^^^^^^^^^^^^^^^^^^^^^^^^^
  File "/home/airflow/.local/lib/python3.12/site-packages/airflow/models/taskinstance.py", line 776, in _execute_task
    result = _execute_callable(context=context, **execute_callable_kwargs)
             ^^^^^^^^^^^^^^^^^^^^^^^^^^^^^^^^^^^^^^^^^^^^^^^^^^^^^^^^^^^^^
  File "/home/airflow/.local/lib/python3.12/site-packages/airflow/models/taskinstance.py", line 742, in _execute_callable
    return ExecutionCallableRunner(
           ^^^^^^^^^^^^^^^^^^^^^^^^
  File "/home/airflow/.local/lib/python3.12/site-packages/airflow/utils/operator_helpers.py", line 252, in run
    return self.func(*args, **kwargs)
           ^^^^^^^^^^^^^^^^^^^^^^^^^^
  File "/home/airflow/.local/lib/python3.12/site-packages/airflow/models/baseoperator.py", line 424, in wrapper
    return func(self, *args, **kwargs)
           ^^^^^^^^^^^^^^^^^^^^^^^^^^^
  File "/home/airflow/.local/lib/python3.12/site-packages/airflow/operators/bash.py", line 276, in execute
    raise AirflowException(
airflow.exceptions.AirflowException: Bash command failed. The command returned a non-zero exit code 1.
[2026-09-24T00:41:51.929+0000] {local_task_job_runner.py:266} INFO - Task exited with return code 1
[2026-09-24T00:41:51.954+0000] {taskinstance.py:3924} INFO - 0 downstream tasks scheduled from follow-on schedule check
[2026-09-24T00:41:51.957+0000] {local_task_job_runner.py:245} INFO - ::endgroup::
