[2026-09-23T23:58:20.581+0000] {local_task_job_runner.py:123} INFO - ::group::Pre task execution logs
[2026-09-23T23:58:20.628+0000] {taskinstance.py:2631} INFO - Dependencies all met for dep_context=non-requeueable deps ti=<TaskInstance: hello_airflow.fim manual__2026-09-23T23:58:17.418456+00:00 [queued]>
[2026-09-23T23:58:20.643+0000] {taskinstance.py:2631} INFO - Dependencies all met for dep_context=requeueable deps ti=<TaskInstance: hello_airflow.fim manual__2026-09-23T23:58:17.418456+00:00 [queued]>
[2026-09-23T23:58:20.645+0000] {taskinstance.py:2884} INFO - Starting attempt 1 of 1
[2026-09-23T23:58:20.668+0000] {taskinstance.py:2907} INFO - Executing <Task(BashOperator): fim> on 2026-09-23 23:58:17.418456+00:00
[2026-09-23T23:58:20.680+0000] {logging_mixin.py:190} WARNING - /home/***/.local/lib/python3.12/site-packages/***/task/task_runner/standard_task_runner.py:70 DeprecationWarning: This process (pid=373) is multi-threaded, use of fork() may lead to deadlocks in the child.
[2026-09-23T23:58:20.683+0000] {standard_task_runner.py:72} INFO - Started process 374 to run task
[2026-09-23T23:58:20.680+0000] {standard_task_runner.py:104} INFO - Running: ['***', 'tasks', 'run', 'hello_***', 'fim', 'manual__2026-09-23T23:58:17.418456+00:00', '--job-id', '8', '--raw', '--subdir', 'DAGS_FOLDER/hello_***.py', '--cfg-path', '/tmp/tmp8buqm2c5']
[2026-09-23T23:58:20.689+0000] {standard_task_runner.py:105} INFO - Job 8: Subtask fim
[2026-09-23T23:58:20.775+0000] {task_command.py:467} INFO - Running <TaskInstance: hello_airflow.fim manual__2026-09-23T23:58:17.418456+00:00 [running]> on host 025cd88dfcae
[2026-09-23T23:58:20.938+0000] {taskinstance.py:3157} INFO - Exporting env vars: AIRFLOW_CTX_DAG_OWNER='***' AIRFLOW_CTX_DAG_ID='hello_***' AIRFLOW_CTX_TASK_ID='fim' AIRFLOW_CTX_EXECUTION_DATE='2026-09-23T23:58:17.418456+00:00' AIRFLOW_CTX_TRY_NUMBER='1' AIRFLOW_CTX_DAG_RUN_ID='manual__2026-09-23T23:58:17.418456+00:00'
[2026-09-23T23:58:20.942+0000] {taskinstance.py:740} INFO - ::endgroup::
[2026-09-23T23:58:20.963+0000] {subprocess.py:78} INFO - Tmp dir root location: /tmp
[2026-09-23T23:58:20.967+0000] {subprocess.py:88} INFO - Running command: ['/usr/bin/bash', '-c', 'echo "Fim da DAG"']
[2026-09-23T23:58:20.981+0000] {subprocess.py:99} INFO - Output:
[2026-09-23T23:58:20.983+0000] {subprocess.py:106} INFO - Fim da DAG
[2026-09-23T23:58:20.984+0000] {subprocess.py:110} INFO - Command exited with return code 0
[2026-09-23T23:58:21.030+0000] {taskinstance.py:349} INFO - ::group::Post task execution logs
[2026-09-23T23:58:21.033+0000] {taskinstance.py:361} INFO - Marking task as SUCCESS. dag_id=hello_***, task_id=fim, run_id=manual__2026-09-23T23:58:17.418456+00:00, execution_date=20260923T235817, start_date=20260923T235820, end_date=20260923T235821
[2026-09-23T23:58:21.104+0000] {local_task_job_runner.py:266} INFO - Task exited with return code 0
[2026-09-23T23:58:21.133+0000] {taskinstance.py:3924} INFO - 0 downstream tasks scheduled from follow-on schedule check
[2026-09-23T23:58:21.136+0000] {local_task_job_runner.py:245} INFO - ::endgroup::
