[2026-09-25T01:41:32.941+0000] {local_task_job_runner.py:123} INFO - ::group::Pre task execution logs
[2026-09-25T01:41:32.982+0000] {taskinstance.py:2631} INFO - Dependencies all met for dep_context=non-requeueable deps ti=<TaskInstance: ETL_Projeto.extract_load manual__2026-09-25T01:41:28.920714+00:00 [queued]>
[2026-09-25T01:41:32.997+0000] {taskinstance.py:2631} INFO - Dependencies all met for dep_context=requeueable deps ti=<TaskInstance: ETL_Projeto.extract_load manual__2026-09-25T01:41:28.920714+00:00 [queued]>
[2026-09-25T01:41:32.999+0000] {taskinstance.py:2884} INFO - Starting attempt 1 of 1
[2026-09-25T01:41:33.018+0000] {taskinstance.py:2907} INFO - Executing <Task(DockerOperator): extract_load> on 2026-09-25 01:41:28.920714+00:00
[2026-09-25T01:41:33.033+0000] {logging_mixin.py:190} WARNING - /home/***/.local/lib/python3.12/site-packages/***/task/task_runner/standard_task_runner.py:70 DeprecationWarning: This process (pid=3757) is multi-threaded, use of fork() may lead to deadlocks in the child.
[2026-09-25T01:41:33.033+0000] {standard_task_runner.py:104} INFO - Running: ['***', 'tasks', 'run', 'ETL_Projeto', 'extract_load', 'manual__2026-09-25T01:41:28.920714+00:00', '--job-id', '42', '--raw', '--subdir', 'DAGS_FOLDER/teste_python.py', '--cfg-path', '/tmp/tmpmk2uiqty']
[2026-09-25T01:41:33.037+0000] {standard_task_runner.py:72} INFO - Started process 3758 to run task
[2026-09-25T01:41:33.038+0000] {standard_task_runner.py:105} INFO - Job 42: Subtask extract_load
[2026-09-25T01:41:33.122+0000] {task_command.py:467} INFO - Running <TaskInstance: ETL_Projeto.extract_load manual__2026-09-25T01:41:28.920714+00:00 [running]> on host b6255e59cd80
[2026-09-25T01:41:33.264+0000] {taskinstance.py:3157} INFO - Exporting env vars: AIRFLOW_CTX_DAG_OWNER='***' AIRFLOW_CTX_DAG_ID='ETL_Projeto' AIRFLOW_CTX_TASK_ID='extract_load' AIRFLOW_CTX_EXECUTION_DATE='2026-09-25T01:41:28.920714+00:00' AIRFLOW_CTX_TRY_NUMBER='1' AIRFLOW_CTX_DAG_RUN_ID='manual__2026-09-25T01:41:28.920714+00:00'
[2026-09-25T01:41:33.266+0000] {taskinstance.py:740} INFO - ::endgroup::
[2026-09-25T01:41:33.387+0000] {docker.py:352} INFO - Starting docker container from image etl_app
[2026-09-25T01:41:33.395+0000] {docker.py:360} WARNING - Using remote engine or docker-in-docker and mounting temporary volume from host is not supported. Falling back to `mount_tmp_dir=False` mode. You can set `mount_tmp_dir` parameter to False to disable mounting and remove the warning
[2026-09-25T01:41:34.084+0000] {docker.py:72} INFO - CLIENTES:
[2026-09-25T01:41:34.086+0000] {docker.py:72} INFO - Carga efetuada com sucesso!
[2026-09-25T01:41:34.087+0000] {docker.py:72} INFO - CLINICAS:
[2026-09-25T01:41:34.090+0000] {docker.py:72} INFO - Carga efetuada com sucesso!
[2026-09-25T01:41:34.092+0000] {docker.py:72} INFO - Carga realizada!
[2026-09-25T01:41:34.686+0000] {taskinstance.py:349} INFO - ::group::Post task execution logs
[2026-09-25T01:41:34.691+0000] {taskinstance.py:361} INFO - Marking task as SUCCESS. dag_id=ETL_Projeto, task_id=extract_load, run_id=manual__2026-09-25T01:41:28.920714+00:00, execution_date=20260925T014128, start_date=20260925T014132, end_date=20260925T014134
[2026-09-25T01:41:34.805+0000] {local_task_job_runner.py:266} INFO - Task exited with return code 0
[2026-09-25T01:41:34.845+0000] {taskinstance.py:3924} INFO - 1 downstream tasks scheduled from follow-on schedule check
[2026-09-25T01:41:34.850+0000] {local_task_job_runner.py:245} INFO - ::endgroup::
