[2026-09-23T23:29:26.111+0000] {processor.py:186} INFO - Started process (PID=163) to work on /opt/airflow/dags/hello_airflow.py
[2026-09-23T23:29:26.118+0000] {processor.py:914} INFO - Processing file /opt/airflow/dags/hello_airflow.py for tasks to queue
[2026-09-23T23:29:26.125+0000] {logging_mixin.py:190} INFO - [2026-09-23T23:29:26.124+0000] {dagbag.py:588} INFO - Filling up the DagBag from /opt/airflow/dags/hello_airflow.py
[2026-09-23T23:29:26.175+0000] {logging_mixin.py:190} INFO - [2026-09-23T23:29:26.173+0000] {dagbag.py:387} ERROR - Failed to import: /opt/airflow/dags/hello_airflow.py
Traceback (most recent call last):
  File "/home/airflow/.local/lib/python3.12/site-packages/airflow/models/dagbag.py", line 383, in parse
    loader.exec_module(new_module)
  File "<frozen importlib._bootstrap_external>", line 995, in exec_module
  File "<frozen importlib._bootstrap_external>", line 1133, in get_code
  File "<frozen importlib._bootstrap_external>", line 1063, in source_to_code
  File "<frozen importlib._bootstrap>", line 488, in _call_with_frames_removed
  File "/opt/airflow/dags/hello_airflow.py", line 9
    start_time=datetime(2025,1,1)
               
SyntaxError: invalid syntax. Perhaps you forgot a comma?
[2026-09-23T23:29:26.212+0000] {processor.py:927} WARNING - No viable dags retrieved from /opt/airflow/dags/hello_airflow.py
[2026-09-23T23:29:26.255+0000] {processor.py:208} INFO - Processing /opt/airflow/dags/hello_airflow.py took 0.216 seconds
[2026-09-23T23:32:33.877+0000] {processor.py:186} INFO - Started process (PID=163) to work on /opt/airflow/dags/hello_airflow.py
[2026-09-23T23:32:33.888+0000] {processor.py:914} INFO - Processing file /opt/airflow/dags/hello_airflow.py for tasks to queue
[2026-09-23T23:32:33.919+0000] {logging_mixin.py:190} INFO - [2026-09-23T23:32:33.918+0000] {dagbag.py:588} INFO - Filling up the DagBag from /opt/airflow/dags/hello_airflow.py
[2026-09-23T23:32:34.015+0000] {logging_mixin.py:190} INFO - [2026-09-23T23:32:33.998+0000] {dagbag.py:387} ERROR - Failed to import: /opt/airflow/dags/hello_airflow.py
Traceback (most recent call last):
  File "/home/airflow/.local/lib/python3.12/site-packages/airflow/models/dagbag.py", line 383, in parse
    loader.exec_module(new_module)
  File "<frozen importlib._bootstrap_external>", line 995, in exec_module
  File "<frozen importlib._bootstrap_external>", line 1133, in get_code
  File "<frozen importlib._bootstrap_external>", line 1063, in source_to_code
  File "<frozen importlib._bootstrap>", line 488, in _call_with_frames_removed
  File "/opt/airflow/dags/hello_airflow.py", line 9
    start_time=datetime(2025,1,1)
               
SyntaxError: invalid syntax. Perhaps you forgot a comma?
[2026-09-23T23:32:34.026+0000] {processor.py:927} WARNING - No viable dags retrieved from /opt/airflow/dags/hello_airflow.py
[2026-09-23T23:32:34.110+0000] {processor.py:208} INFO - Processing /opt/airflow/dags/hello_airflow.py took 0.272 seconds
[2026-09-23T23:33:04.351+0000] {processor.py:186} INFO - Started process (PID=168) to work on /opt/airflow/dags/hello_airflow.py
[2026-09-23T23:33:04.353+0000] {processor.py:914} INFO - Processing file /opt/airflow/dags/hello_airflow.py for tasks to queue
[2026-09-23T23:33:04.358+0000] {logging_mixin.py:190} INFO - [2026-09-23T23:33:04.358+0000] {dagbag.py:588} INFO - Filling up the DagBag from /opt/airflow/dags/hello_airflow.py
[2026-09-23T23:33:04.426+0000] {logging_mixin.py:190} INFO - [2026-09-23T23:33:04.424+0000] {dagbag.py:387} ERROR - Failed to import: /opt/airflow/dags/hello_airflow.py
Traceback (most recent call last):
  File "/home/airflow/.local/lib/python3.12/site-packages/airflow/models/dagbag.py", line 383, in parse
    loader.exec_module(new_module)
  File "<frozen importlib._bootstrap_external>", line 995, in exec_module
  File "<frozen importlib._bootstrap_external>", line 1133, in get_code
  File "<frozen importlib._bootstrap_external>", line 1063, in source_to_code
  File "<frozen importlib._bootstrap>", line 488, in _call_with_frames_removed
  File "/opt/airflow/dags/hello_airflow.py", line 9
    start_time=datetime(2025,1,1)
               
SyntaxError: invalid syntax. Perhaps you forgot a comma?
[2026-09-23T23:33:04.436+0000] {processor.py:927} WARNING - No viable dags retrieved from /opt/airflow/dags/hello_airflow.py
[2026-09-23T23:33:04.487+0000] {processor.py:208} INFO - Processing /opt/airflow/dags/hello_airflow.py took 0.155 seconds
[2026-09-23T23:33:34.794+0000] {processor.py:186} INFO - Started process (PID=173) to work on /opt/airflow/dags/hello_airflow.py
[2026-09-23T23:33:34.796+0000] {processor.py:914} INFO - Processing file /opt/airflow/dags/hello_airflow.py for tasks to queue
[2026-09-23T23:33:34.800+0000] {logging_mixin.py:190} INFO - [2026-09-23T23:33:34.799+0000] {dagbag.py:588} INFO - Filling up the DagBag from /opt/airflow/dags/hello_airflow.py
[2026-09-23T23:33:34.828+0000] {logging_mixin.py:190} INFO - [2026-09-23T23:33:34.826+0000] {dagbag.py:387} ERROR - Failed to import: /opt/airflow/dags/hello_airflow.py
Traceback (most recent call last):
  File "/home/airflow/.local/lib/python3.12/site-packages/airflow/models/dagbag.py", line 383, in parse
    loader.exec_module(new_module)
  File "<frozen importlib._bootstrap_external>", line 995, in exec_module
  File "<frozen importlib._bootstrap_external>", line 1133, in get_code
  File "<frozen importlib._bootstrap_external>", line 1063, in source_to_code
  File "<frozen importlib._bootstrap>", line 488, in _call_with_frames_removed
  File "/opt/airflow/dags/hello_airflow.py", line 9
    start_time=datetime(2025,1,1)
               
SyntaxError: invalid syntax. Perhaps you forgot a comma?
[2026-09-23T23:33:34.833+0000] {processor.py:927} WARNING - No viable dags retrieved from /opt/airflow/dags/hello_airflow.py
[2026-09-23T23:33:34.890+0000] {processor.py:208} INFO - Processing /opt/airflow/dags/hello_airflow.py took 0.107 seconds
[2026-09-23T23:36:31.024+0000] {processor.py:186} INFO - Started process (PID=163) to work on /opt/airflow/dags/hello_airflow.py
[2026-09-23T23:36:31.026+0000] {processor.py:914} INFO - Processing file /opt/airflow/dags/hello_airflow.py for tasks to queue
[2026-09-23T23:36:31.031+0000] {logging_mixin.py:190} INFO - [2026-09-23T23:36:31.029+0000] {dagbag.py:588} INFO - Filling up the DagBag from /opt/airflow/dags/hello_airflow.py
[2026-09-23T23:36:31.055+0000] {logging_mixin.py:190} INFO - [2026-09-23T23:36:31.053+0000] {dagbag.py:387} ERROR - Failed to import: /opt/airflow/dags/hello_airflow.py
Traceback (most recent call last):
  File "/home/airflow/.local/lib/python3.12/site-packages/airflow/models/dagbag.py", line 383, in parse
    loader.exec_module(new_module)
  File "<frozen importlib._bootstrap_external>", line 995, in exec_module
  File "<frozen importlib._bootstrap_external>", line 1133, in get_code
  File "<frozen importlib._bootstrap_external>", line 1063, in source_to_code
  File "<frozen importlib._bootstrap>", line 488, in _call_with_frames_removed
  File "/opt/airflow/dags/hello_airflow.py", line 9
    start_time=datetime(2025,1,1)
               
SyntaxError: invalid syntax. Perhaps you forgot a comma?
[2026-09-23T23:36:31.063+0000] {processor.py:927} WARNING - No viable dags retrieved from /opt/airflow/dags/hello_airflow.py
[2026-09-23T23:36:31.104+0000] {processor.py:208} INFO - Processing /opt/airflow/dags/hello_airflow.py took 0.092 seconds
[2026-09-23T23:37:01.411+0000] {processor.py:186} INFO - Started process (PID=168) to work on /opt/airflow/dags/hello_airflow.py
[2026-09-23T23:37:01.413+0000] {processor.py:914} INFO - Processing file /opt/airflow/dags/hello_airflow.py for tasks to queue
[2026-09-23T23:37:01.421+0000] {logging_mixin.py:190} INFO - [2026-09-23T23:37:01.421+0000] {dagbag.py:588} INFO - Filling up the DagBag from /opt/airflow/dags/hello_airflow.py
[2026-09-23T23:37:01.451+0000] {logging_mixin.py:190} INFO - [2026-09-23T23:37:01.449+0000] {dagbag.py:387} ERROR - Failed to import: /opt/airflow/dags/hello_airflow.py
Traceback (most recent call last):
  File "/home/airflow/.local/lib/python3.12/site-packages/airflow/models/dagbag.py", line 383, in parse
    loader.exec_module(new_module)
  File "<frozen importlib._bootstrap_external>", line 995, in exec_module
  File "<frozen importlib._bootstrap_external>", line 1133, in get_code
  File "<frozen importlib._bootstrap_external>", line 1063, in source_to_code
  File "<frozen importlib._bootstrap>", line 488, in _call_with_frames_removed
  File "/opt/airflow/dags/hello_airflow.py", line 9
    start_time=datetime(2025,1,1)
               
SyntaxError: invalid syntax. Perhaps you forgot a comma?
[2026-09-23T23:37:01.453+0000] {processor.py:927} WARNING - No viable dags retrieved from /opt/airflow/dags/hello_airflow.py
[2026-09-23T23:37:01.499+0000] {processor.py:208} INFO - Processing /opt/airflow/dags/hello_airflow.py took 0.102 seconds
[2026-09-23T23:37:31.858+0000] {processor.py:186} INFO - Started process (PID=173) to work on /opt/airflow/dags/hello_airflow.py
[2026-09-23T23:37:31.860+0000] {processor.py:914} INFO - Processing file /opt/airflow/dags/hello_airflow.py for tasks to queue
[2026-09-23T23:37:31.864+0000] {logging_mixin.py:190} INFO - [2026-09-23T23:37:31.864+0000] {dagbag.py:588} INFO - Filling up the DagBag from /opt/airflow/dags/hello_airflow.py
[2026-09-23T23:37:31.889+0000] {logging_mixin.py:190} INFO - [2026-09-23T23:37:31.887+0000] {dagbag.py:387} ERROR - Failed to import: /opt/airflow/dags/hello_airflow.py
Traceback (most recent call last):
  File "/home/airflow/.local/lib/python3.12/site-packages/airflow/models/dagbag.py", line 383, in parse
    loader.exec_module(new_module)
  File "<frozen importlib._bootstrap_external>", line 995, in exec_module
  File "<frozen importlib._bootstrap_external>", line 1133, in get_code
  File "<frozen importlib._bootstrap_external>", line 1063, in source_to_code
  File "<frozen importlib._bootstrap>", line 488, in _call_with_frames_removed
  File "/opt/airflow/dags/hello_airflow.py", line 9
    start_time=datetime(2025,1,1)
               
SyntaxError: invalid syntax. Perhaps you forgot a comma?
[2026-09-23T23:37:31.890+0000] {processor.py:927} WARNING - No viable dags retrieved from /opt/airflow/dags/hello_airflow.py
[2026-09-23T23:37:31.939+0000] {processor.py:208} INFO - Processing /opt/airflow/dags/hello_airflow.py took 0.090 seconds
[2026-09-23T23:37:54.273+0000] {processor.py:186} INFO - Started process (PID=178) to work on /opt/airflow/dags/hello_airflow.py
[2026-09-23T23:37:54.278+0000] {processor.py:914} INFO - Processing file /opt/airflow/dags/hello_airflow.py for tasks to queue
[2026-09-23T23:37:54.283+0000] {logging_mixin.py:190} INFO - [2026-09-23T23:37:54.282+0000] {dagbag.py:588} INFO - Filling up the DagBag from /opt/airflow/dags/hello_airflow.py
[2026-09-23T23:37:54.334+0000] {logging_mixin.py:190} INFO - [2026-09-23T23:37:54.328+0000] {dagbag.py:387} ERROR - Failed to import: /opt/airflow/dags/hello_airflow.py
Traceback (most recent call last):
  File "/home/airflow/.local/lib/python3.12/site-packages/airflow/models/dagbag.py", line 383, in parse
    loader.exec_module(new_module)
  File "<frozen importlib._bootstrap_external>", line 999, in exec_module
  File "<frozen importlib._bootstrap>", line 488, in _call_with_frames_removed
  File "/opt/airflow/dags/hello_airflow.py", line 7, in <module>
    with DAG(
         ^^^^
TypeError: DAG.__init__() got an unexpected keyword argument 'start_time'
[2026-09-23T23:37:54.336+0000] {processor.py:927} WARNING - No viable dags retrieved from /opt/airflow/dags/hello_airflow.py
[2026-09-23T23:37:54.392+0000] {processor.py:208} INFO - Processing /opt/airflow/dags/hello_airflow.py took 0.131 seconds
[2026-09-23T23:38:24.531+0000] {processor.py:186} INFO - Started process (PID=183) to work on /opt/airflow/dags/hello_airflow.py
[2026-09-23T23:38:24.533+0000] {processor.py:914} INFO - Processing file /opt/airflow/dags/hello_airflow.py for tasks to queue
[2026-09-23T23:38:24.540+0000] {logging_mixin.py:190} INFO - [2026-09-23T23:38:24.536+0000] {dagbag.py:588} INFO - Filling up the DagBag from /opt/airflow/dags/hello_airflow.py
[2026-09-23T23:38:24.561+0000] {logging_mixin.py:190} INFO - [2026-09-23T23:38:24.557+0000] {dagbag.py:387} ERROR - Failed to import: /opt/airflow/dags/hello_airflow.py
Traceback (most recent call last):
  File "/home/airflow/.local/lib/python3.12/site-packages/airflow/models/dagbag.py", line 383, in parse
    loader.exec_module(new_module)
  File "<frozen importlib._bootstrap_external>", line 999, in exec_module
  File "<frozen importlib._bootstrap>", line 488, in _call_with_frames_removed
  File "/opt/airflow/dags/hello_airflow.py", line 7, in <module>
    with DAG(
         ^^^^
TypeError: DAG.__init__() got an unexpected keyword argument 'start_time'
[2026-09-23T23:38:24.565+0000] {processor.py:927} WARNING - No viable dags retrieved from /opt/airflow/dags/hello_airflow.py
[2026-09-23T23:38:24.610+0000] {processor.py:208} INFO - Processing /opt/airflow/dags/hello_airflow.py took 0.089 seconds
[2026-09-23T23:38:54.780+0000] {processor.py:186} INFO - Started process (PID=188) to work on /opt/airflow/dags/hello_airflow.py
[2026-09-23T23:38:54.782+0000] {processor.py:914} INFO - Processing file /opt/airflow/dags/hello_airflow.py for tasks to queue
[2026-09-23T23:38:54.785+0000] {logging_mixin.py:190} INFO - [2026-09-23T23:38:54.785+0000] {dagbag.py:588} INFO - Filling up the DagBag from /opt/airflow/dags/hello_airflow.py
[2026-09-23T23:38:54.808+0000] {logging_mixin.py:190} INFO - [2026-09-23T23:38:54.801+0000] {dagbag.py:387} ERROR - Failed to import: /opt/airflow/dags/hello_airflow.py
Traceback (most recent call last):
  File "/home/airflow/.local/lib/python3.12/site-packages/airflow/models/dagbag.py", line 383, in parse
    loader.exec_module(new_module)
  File "<frozen importlib._bootstrap_external>", line 999, in exec_module
  File "<frozen importlib._bootstrap>", line 488, in _call_with_frames_removed
  File "/opt/airflow/dags/hello_airflow.py", line 7, in <module>
    with DAG(
         ^^^^
TypeError: DAG.__init__() got an unexpected keyword argument 'start_time'
[2026-09-23T23:38:54.810+0000] {processor.py:927} WARNING - No viable dags retrieved from /opt/airflow/dags/hello_airflow.py
[2026-09-23T23:38:54.849+0000] {processor.py:208} INFO - Processing /opt/airflow/dags/hello_airflow.py took 0.078 seconds
[2026-09-23T23:39:25.120+0000] {processor.py:186} INFO - Started process (PID=193) to work on /opt/airflow/dags/hello_airflow.py
[2026-09-23T23:39:25.122+0000] {processor.py:914} INFO - Processing file /opt/airflow/dags/hello_airflow.py for tasks to queue
[2026-09-23T23:39:25.127+0000] {logging_mixin.py:190} INFO - [2026-09-23T23:39:25.126+0000] {dagbag.py:588} INFO - Filling up the DagBag from /opt/airflow/dags/hello_airflow.py
[2026-09-23T23:39:25.153+0000] {logging_mixin.py:190} INFO - [2026-09-23T23:39:25.145+0000] {dagbag.py:387} ERROR - Failed to import: /opt/airflow/dags/hello_airflow.py
Traceback (most recent call last):
  File "/home/airflow/.local/lib/python3.12/site-packages/airflow/models/dagbag.py", line 383, in parse
    loader.exec_module(new_module)
  File "<frozen importlib._bootstrap_external>", line 999, in exec_module
  File "<frozen importlib._bootstrap>", line 488, in _call_with_frames_removed
  File "/opt/airflow/dags/hello_airflow.py", line 7, in <module>
    with DAG(
         ^^^^
TypeError: DAG.__init__() got an unexpected keyword argument 'start_time'
[2026-09-23T23:39:25.156+0000] {processor.py:927} WARNING - No viable dags retrieved from /opt/airflow/dags/hello_airflow.py
[2026-09-23T23:39:25.190+0000] {processor.py:208} INFO - Processing /opt/airflow/dags/hello_airflow.py took 0.078 seconds
[2026-09-23T23:39:55.671+0000] {processor.py:186} INFO - Started process (PID=198) to work on /opt/airflow/dags/hello_airflow.py
[2026-09-23T23:39:55.683+0000] {processor.py:914} INFO - Processing file /opt/airflow/dags/hello_airflow.py for tasks to queue
[2026-09-23T23:39:55.693+0000] {logging_mixin.py:190} INFO - [2026-09-23T23:39:55.692+0000] {dagbag.py:588} INFO - Filling up the DagBag from /opt/airflow/dags/hello_airflow.py
[2026-09-23T23:39:55.720+0000] {logging_mixin.py:190} INFO - [2026-09-23T23:39:55.714+0000] {dagbag.py:387} ERROR - Failed to import: /opt/airflow/dags/hello_airflow.py
Traceback (most recent call last):
  File "/home/airflow/.local/lib/python3.12/site-packages/airflow/models/dagbag.py", line 383, in parse
    loader.exec_module(new_module)
  File "<frozen importlib._bootstrap_external>", line 999, in exec_module
  File "<frozen importlib._bootstrap>", line 488, in _call_with_frames_removed
  File "/opt/airflow/dags/hello_airflow.py", line 7, in <module>
    with DAG(
         ^^^^
TypeError: DAG.__init__() got an unexpected keyword argument 'start_time'
[2026-09-23T23:39:55.726+0000] {processor.py:927} WARNING - No viable dags retrieved from /opt/airflow/dags/hello_airflow.py
[2026-09-23T23:39:55.868+0000] {processor.py:208} INFO - Processing /opt/airflow/dags/hello_airflow.py took 0.222 seconds
[2026-09-23T23:40:26.303+0000] {processor.py:186} INFO - Started process (PID=203) to work on /opt/airflow/dags/hello_airflow.py
[2026-09-23T23:40:26.305+0000] {processor.py:914} INFO - Processing file /opt/airflow/dags/hello_airflow.py for tasks to queue
[2026-09-23T23:40:26.311+0000] {logging_mixin.py:190} INFO - [2026-09-23T23:40:26.310+0000] {dagbag.py:588} INFO - Filling up the DagBag from /opt/airflow/dags/hello_airflow.py
[2026-09-23T23:40:26.333+0000] {logging_mixin.py:190} INFO - [2026-09-23T23:40:26.328+0000] {dagbag.py:387} ERROR - Failed to import: /opt/airflow/dags/hello_airflow.py
Traceback (most recent call last):
  File "/home/airflow/.local/lib/python3.12/site-packages/airflow/models/dagbag.py", line 383, in parse
    loader.exec_module(new_module)
  File "<frozen importlib._bootstrap_external>", line 999, in exec_module
  File "<frozen importlib._bootstrap>", line 488, in _call_with_frames_removed
  File "/opt/airflow/dags/hello_airflow.py", line 7, in <module>
    with DAG(
         ^^^^
TypeError: DAG.__init__() got an unexpected keyword argument 'start_time'
[2026-09-23T23:40:26.335+0000] {processor.py:927} WARNING - No viable dags retrieved from /opt/airflow/dags/hello_airflow.py
[2026-09-23T23:40:26.373+0000] {processor.py:208} INFO - Processing /opt/airflow/dags/hello_airflow.py took 0.079 seconds
[2026-09-23T23:40:56.570+0000] {processor.py:186} INFO - Started process (PID=208) to work on /opt/airflow/dags/hello_airflow.py
[2026-09-23T23:40:56.572+0000] {processor.py:914} INFO - Processing file /opt/airflow/dags/hello_airflow.py for tasks to queue
[2026-09-23T23:40:56.578+0000] {logging_mixin.py:190} INFO - [2026-09-23T23:40:56.578+0000] {dagbag.py:588} INFO - Filling up the DagBag from /opt/airflow/dags/hello_airflow.py
[2026-09-23T23:40:56.603+0000] {logging_mixin.py:190} INFO - [2026-09-23T23:40:56.597+0000] {dagbag.py:387} ERROR - Failed to import: /opt/airflow/dags/hello_airflow.py
Traceback (most recent call last):
  File "/home/airflow/.local/lib/python3.12/site-packages/airflow/models/dagbag.py", line 383, in parse
    loader.exec_module(new_module)
  File "<frozen importlib._bootstrap_external>", line 999, in exec_module
  File "<frozen importlib._bootstrap>", line 488, in _call_with_frames_removed
  File "/opt/airflow/dags/hello_airflow.py", line 7, in <module>
    with DAG(
         ^^^^
TypeError: DAG.__init__() got an unexpected keyword argument 'start_time'
[2026-09-23T23:40:56.611+0000] {processor.py:927} WARNING - No viable dags retrieved from /opt/airflow/dags/hello_airflow.py
[2026-09-23T23:40:56.645+0000] {processor.py:208} INFO - Processing /opt/airflow/dags/hello_airflow.py took 0.084 seconds
[2026-09-23T23:41:48.367+0000] {processor.py:186} INFO - Started process (PID=163) to work on /opt/airflow/dags/hello_airflow.py
[2026-09-23T23:41:48.370+0000] {processor.py:914} INFO - Processing file /opt/airflow/dags/hello_airflow.py for tasks to queue
[2026-09-23T23:41:48.373+0000] {logging_mixin.py:190} INFO - [2026-09-23T23:41:48.373+0000] {dagbag.py:588} INFO - Filling up the DagBag from /opt/airflow/dags/hello_airflow.py
[2026-09-23T23:41:48.399+0000] {logging_mixin.py:190} INFO - [2026-09-23T23:41:48.388+0000] {dagbag.py:387} ERROR - Failed to import: /opt/airflow/dags/hello_airflow.py
Traceback (most recent call last):
  File "/home/airflow/.local/lib/python3.12/site-packages/airflow/models/dagbag.py", line 383, in parse
    loader.exec_module(new_module)
  File "<frozen importlib._bootstrap_external>", line 999, in exec_module
  File "<frozen importlib._bootstrap>", line 488, in _call_with_frames_removed
  File "/opt/airflow/dags/hello_airflow.py", line 7, in <module>
    with DAG(
         ^^^^
TypeError: DAG.__init__() got an unexpected keyword argument 'start_time'
[2026-09-23T23:41:48.402+0000] {processor.py:927} WARNING - No viable dags retrieved from /opt/airflow/dags/hello_airflow.py
[2026-09-23T23:41:48.437+0000] {processor.py:208} INFO - Processing /opt/airflow/dags/hello_airflow.py took 0.081 seconds
[2026-09-23T23:42:18.816+0000] {processor.py:186} INFO - Started process (PID=168) to work on /opt/airflow/dags/hello_airflow.py
[2026-09-23T23:42:18.817+0000] {processor.py:914} INFO - Processing file /opt/airflow/dags/hello_airflow.py for tasks to queue
[2026-09-23T23:42:18.824+0000] {logging_mixin.py:190} INFO - [2026-09-23T23:42:18.824+0000] {dagbag.py:588} INFO - Filling up the DagBag from /opt/airflow/dags/hello_airflow.py
[2026-09-23T23:42:18.853+0000] {logging_mixin.py:190} INFO - [2026-09-23T23:42:18.841+0000] {dagbag.py:387} ERROR - Failed to import: /opt/airflow/dags/hello_airflow.py
Traceback (most recent call last):
  File "/home/airflow/.local/lib/python3.12/site-packages/airflow/models/dagbag.py", line 383, in parse
    loader.exec_module(new_module)
  File "<frozen importlib._bootstrap_external>", line 999, in exec_module
  File "<frozen importlib._bootstrap>", line 488, in _call_with_frames_removed
  File "/opt/airflow/dags/hello_airflow.py", line 7, in <module>
    with DAG(
         ^^^^
TypeError: DAG.__init__() got an unexpected keyword argument 'start_time'
[2026-09-23T23:42:18.856+0000] {processor.py:927} WARNING - No viable dags retrieved from /opt/airflow/dags/hello_airflow.py
[2026-09-23T23:42:18.901+0000] {processor.py:208} INFO - Processing /opt/airflow/dags/hello_airflow.py took 0.094 seconds
[2026-09-23T23:42:49.103+0000] {processor.py:186} INFO - Started process (PID=173) to work on /opt/airflow/dags/hello_airflow.py
[2026-09-23T23:42:49.105+0000] {processor.py:914} INFO - Processing file /opt/airflow/dags/hello_airflow.py for tasks to queue
[2026-09-23T23:42:49.118+0000] {logging_mixin.py:190} INFO - [2026-09-23T23:42:49.117+0000] {dagbag.py:588} INFO - Filling up the DagBag from /opt/airflow/dags/hello_airflow.py
[2026-09-23T23:42:49.147+0000] {logging_mixin.py:190} INFO - [2026-09-23T23:42:49.137+0000] {dagbag.py:387} ERROR - Failed to import: /opt/airflow/dags/hello_airflow.py
Traceback (most recent call last):
  File "/home/airflow/.local/lib/python3.12/site-packages/airflow/models/dagbag.py", line 383, in parse
    loader.exec_module(new_module)
  File "<frozen importlib._bootstrap_external>", line 999, in exec_module
  File "<frozen importlib._bootstrap>", line 488, in _call_with_frames_removed
  File "/opt/airflow/dags/hello_airflow.py", line 7, in <module>
    with DAG(
         ^^^^
TypeError: DAG.__init__() got an unexpected keyword argument 'start_time'
[2026-09-23T23:42:49.149+0000] {processor.py:927} WARNING - No viable dags retrieved from /opt/airflow/dags/hello_airflow.py
[2026-09-23T23:42:49.189+0000] {processor.py:208} INFO - Processing /opt/airflow/dags/hello_airflow.py took 0.096 seconds
[2026-09-23T23:43:19.437+0000] {processor.py:186} INFO - Started process (PID=178) to work on /opt/airflow/dags/hello_airflow.py
[2026-09-23T23:43:19.439+0000] {processor.py:914} INFO - Processing file /opt/airflow/dags/hello_airflow.py for tasks to queue
[2026-09-23T23:43:19.444+0000] {logging_mixin.py:190} INFO - [2026-09-23T23:43:19.443+0000] {dagbag.py:588} INFO - Filling up the DagBag from /opt/airflow/dags/hello_airflow.py
[2026-09-23T23:43:19.467+0000] {logging_mixin.py:190} INFO - [2026-09-23T23:43:19.463+0000] {dagbag.py:387} ERROR - Failed to import: /opt/airflow/dags/hello_airflow.py
Traceback (most recent call last):
  File "/home/airflow/.local/lib/python3.12/site-packages/airflow/models/dagbag.py", line 383, in parse
    loader.exec_module(new_module)
  File "<frozen importlib._bootstrap_external>", line 999, in exec_module
  File "<frozen importlib._bootstrap>", line 488, in _call_with_frames_removed
  File "/opt/airflow/dags/hello_airflow.py", line 7, in <module>
    with DAG(
         ^^^^
TypeError: DAG.__init__() got an unexpected keyword argument 'start_time'
[2026-09-23T23:43:19.469+0000] {processor.py:927} WARNING - No viable dags retrieved from /opt/airflow/dags/hello_airflow.py
[2026-09-23T23:43:19.506+0000] {processor.py:208} INFO - Processing /opt/airflow/dags/hello_airflow.py took 0.077 seconds
[2026-09-23T23:43:30.578+0000] {processor.py:186} INFO - Started process (PID=183) to work on /opt/airflow/dags/hello_airflow.py
[2026-09-23T23:43:30.580+0000] {processor.py:914} INFO - Processing file /opt/airflow/dags/hello_airflow.py for tasks to queue
[2026-09-23T23:43:30.584+0000] {logging_mixin.py:190} INFO - [2026-09-23T23:43:30.584+0000] {dagbag.py:588} INFO - Filling up the DagBag from /opt/airflow/dags/hello_airflow.py
[2026-09-23T23:43:30.642+0000] {processor.py:925} INFO - DAG(s) 'hello_airflow' retrieved from /opt/airflow/dags/hello_airflow.py
[2026-09-23T23:43:31.108+0000] {logging_mixin.py:190} INFO - [2026-09-23T23:43:31.107+0000] {override.py:1930} INFO - Created Permission View: can delete on DAG:hello_airflow
[2026-09-23T23:43:31.130+0000] {logging_mixin.py:190} INFO - [2026-09-23T23:43:31.130+0000] {override.py:1930} INFO - Created Permission View: can read on DAG:hello_airflow
[2026-09-23T23:43:31.157+0000] {logging_mixin.py:190} INFO - [2026-09-23T23:43:31.156+0000] {override.py:1930} INFO - Created Permission View: can edit on DAG:hello_airflow
[2026-09-23T23:43:31.179+0000] {logging_mixin.py:190} INFO - [2026-09-23T23:43:31.179+0000] {override.py:1930} INFO - Created Permission View: can delete on DAG Run:hello_airflow
[2026-09-23T23:43:31.195+0000] {logging_mixin.py:190} INFO - [2026-09-23T23:43:31.195+0000] {override.py:1930} INFO - Created Permission View: can create on DAG Run:hello_airflow
[2026-09-23T23:43:31.212+0000] {logging_mixin.py:190} INFO - [2026-09-23T23:43:31.212+0000] {override.py:1930} INFO - Created Permission View: can read on DAG Run:hello_airflow
[2026-09-23T23:43:31.232+0000] {logging_mixin.py:190} INFO - [2026-09-23T23:43:31.231+0000] {override.py:1930} INFO - Created Permission View: menu access on DAG Run:hello_airflow
[2026-09-23T23:43:31.233+0000] {logging_mixin.py:190} INFO - [2026-09-23T23:43:31.233+0000] {dag.py:3239} INFO - Sync 1 DAGs
[2026-09-23T23:43:31.256+0000] {logging_mixin.py:190} INFO - [2026-09-23T23:43:31.256+0000] {dag.py:3262} INFO - Creating ORM DAG for hello_airflow
[2026-09-23T23:43:31.258+0000] {logging_mixin.py:190} INFO - [2026-09-23T23:43:31.257+0000] {dag.py:4180} INFO - Setting next_dagrun for hello_airflow to None, run_after=None
[2026-09-23T23:43:31.286+0000] {processor.py:208} INFO - Processing /opt/airflow/dags/hello_airflow.py took 0.717 seconds
[2026-09-23T23:43:51.920+0000] {processor.py:186} INFO - Started process (PID=188) to work on /opt/airflow/dags/hello_airflow.py
[2026-09-23T23:43:51.922+0000] {processor.py:914} INFO - Processing file /opt/airflow/dags/hello_airflow.py for tasks to queue
[2026-09-23T23:43:51.931+0000] {logging_mixin.py:190} INFO - [2026-09-23T23:43:51.931+0000] {dagbag.py:588} INFO - Filling up the DagBag from /opt/airflow/dags/hello_airflow.py
[2026-09-23T23:43:51.996+0000] {processor.py:925} INFO - DAG(s) 'hello_airflow' retrieved from /opt/airflow/dags/hello_airflow.py
[2026-09-23T23:43:52.031+0000] {logging_mixin.py:190} INFO - [2026-09-23T23:43:52.031+0000] {dag.py:3239} INFO - Sync 1 DAGs
[2026-09-23T23:43:52.066+0000] {logging_mixin.py:190} INFO - [2026-09-23T23:43:52.066+0000] {dag.py:4180} INFO - Setting next_dagrun for hello_airflow to None, run_after=None
[2026-09-23T23:43:52.108+0000] {processor.py:208} INFO - Processing /opt/airflow/dags/hello_airflow.py took 0.204 seconds
[2026-09-23T23:44:22.438+0000] {processor.py:186} INFO - Started process (PID=193) to work on /opt/airflow/dags/hello_airflow.py
[2026-09-23T23:44:22.440+0000] {processor.py:914} INFO - Processing file /opt/airflow/dags/hello_airflow.py for tasks to queue
[2026-09-23T23:44:22.449+0000] {logging_mixin.py:190} INFO - [2026-09-23T23:44:22.448+0000] {dagbag.py:588} INFO - Filling up the DagBag from /opt/airflow/dags/hello_airflow.py
[2026-09-23T23:44:22.488+0000] {processor.py:925} INFO - DAG(s) 'hello_airflow' retrieved from /opt/airflow/dags/hello_airflow.py
[2026-09-23T23:44:22.543+0000] {logging_mixin.py:190} INFO - [2026-09-23T23:44:22.543+0000] {dag.py:3239} INFO - Sync 1 DAGs
[2026-09-23T23:44:22.566+0000] {logging_mixin.py:190} INFO - [2026-09-23T23:44:22.566+0000] {dag.py:4180} INFO - Setting next_dagrun for hello_airflow to None, run_after=None
[2026-09-23T23:44:22.600+0000] {processor.py:208} INFO - Processing /opt/airflow/dags/hello_airflow.py took 0.173 seconds
[2026-09-23T23:44:52.781+0000] {processor.py:186} INFO - Started process (PID=198) to work on /opt/airflow/dags/hello_airflow.py
[2026-09-23T23:44:52.783+0000] {processor.py:914} INFO - Processing file /opt/airflow/dags/hello_airflow.py for tasks to queue
[2026-09-23T23:44:52.787+0000] {logging_mixin.py:190} INFO - [2026-09-23T23:44:52.786+0000] {dagbag.py:588} INFO - Filling up the DagBag from /opt/airflow/dags/hello_airflow.py
[2026-09-23T23:44:52.824+0000] {processor.py:925} INFO - DAG(s) 'hello_airflow' retrieved from /opt/airflow/dags/hello_airflow.py
[2026-09-23T23:44:52.881+0000] {logging_mixin.py:190} INFO - [2026-09-23T23:44:52.880+0000] {dag.py:3239} INFO - Sync 1 DAGs
[2026-09-23T23:44:52.913+0000] {logging_mixin.py:190} INFO - [2026-09-23T23:44:52.912+0000] {dag.py:4180} INFO - Setting next_dagrun for hello_airflow to None, run_after=None
[2026-09-23T23:44:52.984+0000] {processor.py:208} INFO - Processing /opt/airflow/dags/hello_airflow.py took 0.217 seconds
[2026-09-23T23:44:55.932+0000] {processor.py:186} INFO - Started process (PID=203) to work on /opt/airflow/dags/hello_airflow.py
[2026-09-23T23:44:55.936+0000] {processor.py:914} INFO - Processing file /opt/airflow/dags/hello_airflow.py for tasks to queue
[2026-09-23T23:44:55.940+0000] {logging_mixin.py:190} INFO - [2026-09-23T23:44:55.940+0000] {dagbag.py:588} INFO - Filling up the DagBag from /opt/airflow/dags/hello_airflow.py
[2026-09-23T23:44:55.979+0000] {processor.py:925} INFO - DAG(s) 'hello_airflow' retrieved from /opt/airflow/dags/hello_airflow.py
[2026-09-23T23:44:56.193+0000] {logging_mixin.py:190} INFO - [2026-09-23T23:44:56.192+0000] {dag.py:3239} INFO - Sync 1 DAGs
[2026-09-23T23:44:56.215+0000] {logging_mixin.py:190} INFO - [2026-09-23T23:44:56.214+0000] {dag.py:4180} INFO - Setting next_dagrun for hello_airflow to None, run_after=None
[2026-09-23T23:44:56.268+0000] {processor.py:208} INFO - Processing /opt/airflow/dags/hello_airflow.py took 0.345 seconds
[2026-09-23T23:45:26.680+0000] {processor.py:186} INFO - Started process (PID=208) to work on /opt/airflow/dags/hello_airflow.py
[2026-09-23T23:45:26.683+0000] {processor.py:914} INFO - Processing file /opt/airflow/dags/hello_airflow.py for tasks to queue
[2026-09-23T23:45:26.688+0000] {logging_mixin.py:190} INFO - [2026-09-23T23:45:26.688+0000] {dagbag.py:588} INFO - Filling up the DagBag from /opt/airflow/dags/hello_airflow.py
[2026-09-23T23:45:26.720+0000] {processor.py:925} INFO - DAG(s) 'hello_airflow' retrieved from /opt/airflow/dags/hello_airflow.py
[2026-09-23T23:45:26.768+0000] {logging_mixin.py:190} INFO - [2026-09-23T23:45:26.768+0000] {dag.py:3239} INFO - Sync 1 DAGs
[2026-09-23T23:45:26.793+0000] {logging_mixin.py:190} INFO - [2026-09-23T23:45:26.793+0000] {dag.py:4180} INFO - Setting next_dagrun for hello_airflow to None, run_after=None
[2026-09-23T23:45:26.831+0000] {processor.py:208} INFO - Processing /opt/airflow/dags/hello_airflow.py took 0.168 seconds
[2026-09-23T23:45:31.712+0000] {processor.py:186} INFO - Started process (PID=213) to work on /opt/airflow/dags/hello_airflow.py
[2026-09-23T23:45:31.714+0000] {processor.py:914} INFO - Processing file /opt/airflow/dags/hello_airflow.py for tasks to queue
[2026-09-23T23:45:31.718+0000] {logging_mixin.py:190} INFO - [2026-09-23T23:45:31.718+0000] {dagbag.py:588} INFO - Filling up the DagBag from /opt/airflow/dags/hello_airflow.py
[2026-09-23T23:45:31.765+0000] {processor.py:925} INFO - DAG(s) 'hello_airflow' retrieved from /opt/airflow/dags/hello_airflow.py
[2026-09-23T23:45:31.810+0000] {logging_mixin.py:190} INFO - [2026-09-23T23:45:31.810+0000] {dag.py:3239} INFO - Sync 1 DAGs
[2026-09-23T23:45:31.831+0000] {logging_mixin.py:190} INFO - [2026-09-23T23:45:31.830+0000] {dag.py:4180} INFO - Setting next_dagrun for hello_airflow to None, run_after=None
[2026-09-23T23:45:32.092+0000] {processor.py:208} INFO - Processing /opt/airflow/dags/hello_airflow.py took 0.391 seconds
[2026-09-23T23:45:55.279+0000] {processor.py:186} INFO - Started process (PID=218) to work on /opt/airflow/dags/hello_airflow.py
[2026-09-23T23:45:55.317+0000] {processor.py:914} INFO - Processing file /opt/airflow/dags/hello_airflow.py for tasks to queue
[2026-09-23T23:45:55.356+0000] {logging_mixin.py:190} INFO - [2026-09-23T23:45:55.355+0000] {dagbag.py:588} INFO - Filling up the DagBag from /opt/airflow/dags/hello_airflow.py
[2026-09-23T23:45:55.509+0000] {processor.py:925} INFO - DAG(s) 'hello_airflow' retrieved from /opt/airflow/dags/hello_airflow.py
[2026-09-23T23:45:55.735+0000] {logging_mixin.py:190} INFO - [2026-09-23T23:45:55.735+0000] {dag.py:3239} INFO - Sync 1 DAGs
[2026-09-23T23:45:55.758+0000] {logging_mixin.py:190} INFO - [2026-09-23T23:45:55.757+0000] {dag.py:3262} INFO - Creating ORM DAG for hello_airflow
[2026-09-23T23:45:55.761+0000] {logging_mixin.py:190} INFO - [2026-09-23T23:45:55.761+0000] {dag.py:4180} INFO - Setting next_dagrun for hello_airflow to None, run_after=None
[2026-09-23T23:45:55.806+0000] {processor.py:208} INFO - Processing /opt/airflow/dags/hello_airflow.py took 0.562 seconds
[2026-09-23T23:46:02.611+0000] {processor.py:186} INFO - Started process (PID=223) to work on /opt/airflow/dags/hello_airflow.py
[2026-09-23T23:46:02.616+0000] {processor.py:914} INFO - Processing file /opt/airflow/dags/hello_airflow.py for tasks to queue
[2026-09-23T23:46:02.644+0000] {logging_mixin.py:190} INFO - [2026-09-23T23:46:02.644+0000] {dagbag.py:588} INFO - Filling up the DagBag from /opt/airflow/dags/hello_airflow.py
[2026-09-23T23:46:02.802+0000] {processor.py:925} INFO - DAG(s) 'hello_airflow' retrieved from /opt/airflow/dags/hello_airflow.py
[2026-09-23T23:46:02.826+0000] {logging_mixin.py:190} INFO - [2026-09-23T23:46:02.825+0000] {dag.py:3239} INFO - Sync 1 DAGs
[2026-09-23T23:46:02.851+0000] {logging_mixin.py:190} INFO - [2026-09-23T23:46:02.850+0000] {dag.py:4180} INFO - Setting next_dagrun for hello_airflow to None, run_after=None
[2026-09-23T23:46:02.894+0000] {processor.py:208} INFO - Processing /opt/airflow/dags/hello_airflow.py took 0.296 seconds
[2026-09-23T23:46:16.038+0000] {processor.py:186} INFO - Started process (PID=228) to work on /opt/airflow/dags/hello_airflow.py
[2026-09-23T23:46:16.040+0000] {processor.py:914} INFO - Processing file /opt/airflow/dags/hello_airflow.py for tasks to queue
[2026-09-23T23:46:16.044+0000] {logging_mixin.py:190} INFO - [2026-09-23T23:46:16.044+0000] {dagbag.py:588} INFO - Filling up the DagBag from /opt/airflow/dags/hello_airflow.py
[2026-09-23T23:46:16.089+0000] {processor.py:925} INFO - DAG(s) 'hello_airflow' retrieved from /opt/airflow/dags/hello_airflow.py
[2026-09-23T23:46:16.283+0000] {logging_mixin.py:190} INFO - [2026-09-23T23:46:16.283+0000] {dag.py:3239} INFO - Sync 1 DAGs
[2026-09-23T23:46:16.306+0000] {logging_mixin.py:190} INFO - [2026-09-23T23:46:16.305+0000] {dag.py:3262} INFO - Creating ORM DAG for hello_airflow
[2026-09-23T23:46:16.307+0000] {logging_mixin.py:190} INFO - [2026-09-23T23:46:16.307+0000] {dag.py:4180} INFO - Setting next_dagrun for hello_airflow to None, run_after=None
[2026-09-23T23:46:16.336+0000] {processor.py:208} INFO - Processing /opt/airflow/dags/hello_airflow.py took 0.308 seconds
[2026-09-23T23:46:46.443+0000] {processor.py:186} INFO - Started process (PID=233) to work on /opt/airflow/dags/hello_airflow.py
[2026-09-23T23:46:46.448+0000] {processor.py:914} INFO - Processing file /opt/airflow/dags/hello_airflow.py for tasks to queue
[2026-09-23T23:46:46.452+0000] {logging_mixin.py:190} INFO - [2026-09-23T23:46:46.451+0000] {dagbag.py:588} INFO - Filling up the DagBag from /opt/airflow/dags/hello_airflow.py
[2026-09-23T23:46:46.479+0000] {processor.py:925} INFO - DAG(s) 'hello_airflow' retrieved from /opt/airflow/dags/hello_airflow.py
[2026-09-23T23:46:46.529+0000] {logging_mixin.py:190} INFO - [2026-09-23T23:46:46.529+0000] {dag.py:3239} INFO - Sync 1 DAGs
[2026-09-23T23:46:46.559+0000] {logging_mixin.py:190} INFO - [2026-09-23T23:46:46.558+0000] {dag.py:4180} INFO - Setting next_dagrun for hello_airflow to None, run_after=None
[2026-09-23T23:46:46.589+0000] {processor.py:208} INFO - Processing /opt/airflow/dags/hello_airflow.py took 0.155 seconds
[2026-09-23T23:46:59.797+0000] {processor.py:186} INFO - Started process (PID=238) to work on /opt/airflow/dags/hello_airflow.py
[2026-09-23T23:46:59.801+0000] {processor.py:914} INFO - Processing file /opt/airflow/dags/hello_airflow.py for tasks to queue
[2026-09-23T23:46:59.805+0000] {logging_mixin.py:190} INFO - [2026-09-23T23:46:59.805+0000] {dagbag.py:588} INFO - Filling up the DagBag from /opt/airflow/dags/hello_airflow.py
[2026-09-23T23:46:59.844+0000] {processor.py:925} INFO - DAG(s) 'hello_airflow' retrieved from /opt/airflow/dags/hello_airflow.py
[2026-09-23T23:47:00.125+0000] {logging_mixin.py:190} INFO - [2026-09-23T23:47:00.125+0000] {dag.py:3239} INFO - Sync 1 DAGs
[2026-09-23T23:47:00.152+0000] {logging_mixin.py:190} INFO - [2026-09-23T23:47:00.151+0000] {dag.py:4180} INFO - Setting next_dagrun for hello_airflow to None, run_after=None
[2026-09-23T23:47:00.196+0000] {processor.py:208} INFO - Processing /opt/airflow/dags/hello_airflow.py took 0.408 seconds
[2026-09-23T23:47:30.580+0000] {processor.py:186} INFO - Started process (PID=243) to work on /opt/airflow/dags/hello_airflow.py
[2026-09-23T23:47:30.583+0000] {processor.py:914} INFO - Processing file /opt/airflow/dags/hello_airflow.py for tasks to queue
[2026-09-23T23:47:30.589+0000] {logging_mixin.py:190} INFO - [2026-09-23T23:47:30.589+0000] {dagbag.py:588} INFO - Filling up the DagBag from /opt/airflow/dags/hello_airflow.py
[2026-09-23T23:47:30.619+0000] {processor.py:925} INFO - DAG(s) 'hello_airflow' retrieved from /opt/airflow/dags/hello_airflow.py
[2026-09-23T23:47:30.668+0000] {logging_mixin.py:190} INFO - [2026-09-23T23:47:30.667+0000] {dag.py:3239} INFO - Sync 1 DAGs
[2026-09-23T23:47:30.695+0000] {logging_mixin.py:190} INFO - [2026-09-23T23:47:30.695+0000] {dag.py:4180} INFO - Setting next_dagrun for hello_airflow to None, run_after=None
[2026-09-23T23:47:30.726+0000] {processor.py:208} INFO - Processing /opt/airflow/dags/hello_airflow.py took 0.156 seconds
[2026-09-23T23:48:00.927+0000] {processor.py:186} INFO - Started process (PID=248) to work on /opt/airflow/dags/hello_airflow.py
[2026-09-23T23:48:00.929+0000] {processor.py:914} INFO - Processing file /opt/airflow/dags/hello_airflow.py for tasks to queue
[2026-09-23T23:48:00.937+0000] {logging_mixin.py:190} INFO - [2026-09-23T23:48:00.936+0000] {dagbag.py:588} INFO - Filling up the DagBag from /opt/airflow/dags/hello_airflow.py
[2026-09-23T23:48:00.965+0000] {processor.py:925} INFO - DAG(s) 'hello_airflow' retrieved from /opt/airflow/dags/hello_airflow.py
[2026-09-23T23:48:01.020+0000] {logging_mixin.py:190} INFO - [2026-09-23T23:48:01.019+0000] {dag.py:3239} INFO - Sync 1 DAGs
[2026-09-23T23:48:01.043+0000] {logging_mixin.py:190} INFO - [2026-09-23T23:48:01.043+0000] {dag.py:4180} INFO - Setting next_dagrun for hello_airflow to None, run_after=None
[2026-09-23T23:48:01.075+0000] {processor.py:208} INFO - Processing /opt/airflow/dags/hello_airflow.py took 0.158 seconds
[2026-09-23T23:48:31.299+0000] {processor.py:186} INFO - Started process (PID=265) to work on /opt/airflow/dags/hello_airflow.py
[2026-09-23T23:48:31.300+0000] {processor.py:914} INFO - Processing file /opt/airflow/dags/hello_airflow.py for tasks to queue
[2026-09-23T23:48:31.309+0000] {logging_mixin.py:190} INFO - [2026-09-23T23:48:31.308+0000] {dagbag.py:588} INFO - Filling up the DagBag from /opt/airflow/dags/hello_airflow.py
[2026-09-23T23:48:31.338+0000] {processor.py:925} INFO - DAG(s) 'hello_airflow' retrieved from /opt/airflow/dags/hello_airflow.py
[2026-09-23T23:48:31.390+0000] {logging_mixin.py:190} INFO - [2026-09-23T23:48:31.389+0000] {dag.py:3239} INFO - Sync 1 DAGs
[2026-09-23T23:48:31.426+0000] {logging_mixin.py:190} INFO - [2026-09-23T23:48:31.426+0000] {dag.py:4180} INFO - Setting next_dagrun for hello_airflow to None, run_after=None
[2026-09-23T23:48:31.465+0000] {processor.py:208} INFO - Processing /opt/airflow/dags/hello_airflow.py took 0.176 seconds
[2026-09-23T23:49:01.745+0000] {processor.py:186} INFO - Started process (PID=270) to work on /opt/airflow/dags/hello_airflow.py
[2026-09-23T23:49:01.748+0000] {processor.py:914} INFO - Processing file /opt/airflow/dags/hello_airflow.py for tasks to queue
[2026-09-23T23:49:01.752+0000] {logging_mixin.py:190} INFO - [2026-09-23T23:49:01.752+0000] {dagbag.py:588} INFO - Filling up the DagBag from /opt/airflow/dags/hello_airflow.py
[2026-09-23T23:49:01.780+0000] {processor.py:925} INFO - DAG(s) 'hello_airflow' retrieved from /opt/airflow/dags/hello_airflow.py
[2026-09-23T23:49:01.827+0000] {logging_mixin.py:190} INFO - [2026-09-23T23:49:01.826+0000] {dag.py:3239} INFO - Sync 1 DAGs
[2026-09-23T23:49:01.851+0000] {logging_mixin.py:190} INFO - [2026-09-23T23:49:01.850+0000] {dag.py:4180} INFO - Setting next_dagrun for hello_airflow to None, run_after=None
[2026-09-23T23:49:01.881+0000] {processor.py:208} INFO - Processing /opt/airflow/dags/hello_airflow.py took 0.145 seconds
[2026-09-23T23:49:32.008+0000] {processor.py:186} INFO - Started process (PID=275) to work on /opt/airflow/dags/hello_airflow.py
[2026-09-23T23:49:32.016+0000] {processor.py:914} INFO - Processing file /opt/airflow/dags/hello_airflow.py for tasks to queue
[2026-09-23T23:49:32.021+0000] {logging_mixin.py:190} INFO - [2026-09-23T23:49:32.021+0000] {dagbag.py:588} INFO - Filling up the DagBag from /opt/airflow/dags/hello_airflow.py
[2026-09-23T23:49:32.051+0000] {processor.py:925} INFO - DAG(s) 'hello_airflow' retrieved from /opt/airflow/dags/hello_airflow.py
[2026-09-23T23:49:32.103+0000] {logging_mixin.py:190} INFO - [2026-09-23T23:49:32.102+0000] {dag.py:3239} INFO - Sync 1 DAGs
[2026-09-23T23:49:32.133+0000] {logging_mixin.py:190} INFO - [2026-09-23T23:49:32.133+0000] {dag.py:4180} INFO - Setting next_dagrun for hello_airflow to None, run_after=None
[2026-09-23T23:49:32.162+0000] {processor.py:208} INFO - Processing /opt/airflow/dags/hello_airflow.py took 0.162 seconds
[2026-09-23T23:50:02.466+0000] {processor.py:186} INFO - Started process (PID=280) to work on /opt/airflow/dags/hello_airflow.py
[2026-09-23T23:50:02.468+0000] {processor.py:914} INFO - Processing file /opt/airflow/dags/hello_airflow.py for tasks to queue
[2026-09-23T23:50:02.472+0000] {logging_mixin.py:190} INFO - [2026-09-23T23:50:02.471+0000] {dagbag.py:588} INFO - Filling up the DagBag from /opt/airflow/dags/hello_airflow.py
[2026-09-23T23:50:02.496+0000] {processor.py:925} INFO - DAG(s) 'hello_airflow' retrieved from /opt/airflow/dags/hello_airflow.py
[2026-09-23T23:50:02.547+0000] {logging_mixin.py:190} INFO - [2026-09-23T23:50:02.546+0000] {dag.py:3239} INFO - Sync 1 DAGs
[2026-09-23T23:50:02.573+0000] {logging_mixin.py:190} INFO - [2026-09-23T23:50:02.572+0000] {dag.py:4180} INFO - Setting next_dagrun for hello_airflow to None, run_after=None
[2026-09-23T23:50:02.603+0000] {processor.py:208} INFO - Processing /opt/airflow/dags/hello_airflow.py took 0.149 seconds
[2026-09-23T23:50:32.775+0000] {processor.py:186} INFO - Started process (PID=285) to work on /opt/airflow/dags/hello_airflow.py
[2026-09-23T23:50:32.777+0000] {processor.py:914} INFO - Processing file /opt/airflow/dags/hello_airflow.py for tasks to queue
[2026-09-23T23:50:32.781+0000] {logging_mixin.py:190} INFO - [2026-09-23T23:50:32.780+0000] {dagbag.py:588} INFO - Filling up the DagBag from /opt/airflow/dags/hello_airflow.py
[2026-09-23T23:50:32.812+0000] {processor.py:925} INFO - DAG(s) 'hello_airflow' retrieved from /opt/airflow/dags/hello_airflow.py
[2026-09-23T23:50:32.864+0000] {logging_mixin.py:190} INFO - [2026-09-23T23:50:32.864+0000] {dag.py:3239} INFO - Sync 1 DAGs
[2026-09-23T23:50:32.893+0000] {logging_mixin.py:190} INFO - [2026-09-23T23:50:32.892+0000] {dag.py:4180} INFO - Setting next_dagrun for hello_airflow to None, run_after=None
[2026-09-23T23:50:32.925+0000] {processor.py:208} INFO - Processing /opt/airflow/dags/hello_airflow.py took 0.161 seconds
[2026-09-23T23:51:03.126+0000] {processor.py:186} INFO - Started process (PID=290) to work on /opt/airflow/dags/hello_airflow.py
[2026-09-23T23:51:03.131+0000] {processor.py:914} INFO - Processing file /opt/airflow/dags/hello_airflow.py for tasks to queue
[2026-09-23T23:51:03.136+0000] {logging_mixin.py:190} INFO - [2026-09-23T23:51:03.135+0000] {dagbag.py:588} INFO - Filling up the DagBag from /opt/airflow/dags/hello_airflow.py
[2026-09-23T23:51:03.167+0000] {processor.py:925} INFO - DAG(s) 'hello_airflow' retrieved from /opt/airflow/dags/hello_airflow.py
[2026-09-23T23:51:03.220+0000] {logging_mixin.py:190} INFO - [2026-09-23T23:51:03.219+0000] {dag.py:3239} INFO - Sync 1 DAGs
[2026-09-23T23:51:03.245+0000] {logging_mixin.py:190} INFO - [2026-09-23T23:51:03.244+0000] {dag.py:4180} INFO - Setting next_dagrun for hello_airflow to None, run_after=None
[2026-09-23T23:51:03.277+0000] {processor.py:208} INFO - Processing /opt/airflow/dags/hello_airflow.py took 0.165 seconds
[2026-09-23T23:51:33.453+0000] {processor.py:186} INFO - Started process (PID=295) to work on /opt/airflow/dags/hello_airflow.py
[2026-09-23T23:51:33.455+0000] {processor.py:914} INFO - Processing file /opt/airflow/dags/hello_airflow.py for tasks to queue
[2026-09-23T23:51:33.459+0000] {logging_mixin.py:190} INFO - [2026-09-23T23:51:33.459+0000] {dagbag.py:588} INFO - Filling up the DagBag from /opt/airflow/dags/hello_airflow.py
[2026-09-23T23:51:33.490+0000] {processor.py:925} INFO - DAG(s) 'hello_airflow' retrieved from /opt/airflow/dags/hello_airflow.py
[2026-09-23T23:51:33.544+0000] {logging_mixin.py:190} INFO - [2026-09-23T23:51:33.544+0000] {dag.py:3239} INFO - Sync 1 DAGs
[2026-09-23T23:51:33.566+0000] {logging_mixin.py:190} INFO - [2026-09-23T23:51:33.565+0000] {dag.py:4180} INFO - Setting next_dagrun for hello_airflow to None, run_after=None
[2026-09-23T23:51:33.601+0000] {processor.py:208} INFO - Processing /opt/airflow/dags/hello_airflow.py took 0.160 seconds
[2026-09-23T23:52:03.905+0000] {processor.py:186} INFO - Started process (PID=300) to work on /opt/airflow/dags/hello_airflow.py
[2026-09-23T23:52:03.907+0000] {processor.py:914} INFO - Processing file /opt/airflow/dags/hello_airflow.py for tasks to queue
[2026-09-23T23:52:03.911+0000] {logging_mixin.py:190} INFO - [2026-09-23T23:52:03.911+0000] {dagbag.py:588} INFO - Filling up the DagBag from /opt/airflow/dags/hello_airflow.py
[2026-09-23T23:52:03.936+0000] {processor.py:925} INFO - DAG(s) 'hello_airflow' retrieved from /opt/airflow/dags/hello_airflow.py
[2026-09-23T23:52:03.981+0000] {logging_mixin.py:190} INFO - [2026-09-23T23:52:03.981+0000] {dag.py:3239} INFO - Sync 1 DAGs
[2026-09-23T23:52:04.006+0000] {logging_mixin.py:190} INFO - [2026-09-23T23:52:04.006+0000] {dag.py:4180} INFO - Setting next_dagrun for hello_airflow to None, run_after=None
[2026-09-23T23:52:04.033+0000] {processor.py:208} INFO - Processing /opt/airflow/dags/hello_airflow.py took 0.137 seconds
[2026-09-23T23:52:34.187+0000] {processor.py:186} INFO - Started process (PID=305) to work on /opt/airflow/dags/hello_airflow.py
[2026-09-23T23:52:34.189+0000] {processor.py:914} INFO - Processing file /opt/airflow/dags/hello_airflow.py for tasks to queue
[2026-09-23T23:52:34.194+0000] {logging_mixin.py:190} INFO - [2026-09-23T23:52:34.193+0000] {dagbag.py:588} INFO - Filling up the DagBag from /opt/airflow/dags/hello_airflow.py
[2026-09-23T23:52:34.220+0000] {processor.py:925} INFO - DAG(s) 'hello_airflow' retrieved from /opt/airflow/dags/hello_airflow.py
[2026-09-23T23:52:34.269+0000] {logging_mixin.py:190} INFO - [2026-09-23T23:52:34.269+0000] {dag.py:3239} INFO - Sync 1 DAGs
[2026-09-23T23:52:34.293+0000] {logging_mixin.py:190} INFO - [2026-09-23T23:52:34.292+0000] {dag.py:4180} INFO - Setting next_dagrun for hello_airflow to None, run_after=None
[2026-09-23T23:52:34.327+0000] {processor.py:208} INFO - Processing /opt/airflow/dags/hello_airflow.py took 0.150 seconds
[2026-09-23T23:53:04.547+0000] {processor.py:186} INFO - Started process (PID=310) to work on /opt/airflow/dags/hello_airflow.py
[2026-09-23T23:53:04.549+0000] {processor.py:914} INFO - Processing file /opt/airflow/dags/hello_airflow.py for tasks to queue
[2026-09-23T23:53:04.555+0000] {logging_mixin.py:190} INFO - [2026-09-23T23:53:04.554+0000] {dagbag.py:588} INFO - Filling up the DagBag from /opt/airflow/dags/hello_airflow.py
[2026-09-23T23:53:04.583+0000] {processor.py:925} INFO - DAG(s) 'hello_airflow' retrieved from /opt/airflow/dags/hello_airflow.py
[2026-09-23T23:53:04.631+0000] {logging_mixin.py:190} INFO - [2026-09-23T23:53:04.630+0000] {dag.py:3239} INFO - Sync 1 DAGs
[2026-09-23T23:53:04.657+0000] {logging_mixin.py:190} INFO - [2026-09-23T23:53:04.657+0000] {dag.py:4180} INFO - Setting next_dagrun for hello_airflow to None, run_after=None
[2026-09-23T23:53:04.685+0000] {processor.py:208} INFO - Processing /opt/airflow/dags/hello_airflow.py took 0.148 seconds
[2026-09-23T23:53:34.842+0000] {processor.py:186} INFO - Started process (PID=315) to work on /opt/airflow/dags/hello_airflow.py
[2026-09-23T23:53:34.844+0000] {processor.py:914} INFO - Processing file /opt/airflow/dags/hello_airflow.py for tasks to queue
[2026-09-23T23:53:34.850+0000] {logging_mixin.py:190} INFO - [2026-09-23T23:53:34.849+0000] {dagbag.py:588} INFO - Filling up the DagBag from /opt/airflow/dags/hello_airflow.py
[2026-09-23T23:53:34.875+0000] {processor.py:925} INFO - DAG(s) 'hello_airflow' retrieved from /opt/airflow/dags/hello_airflow.py
[2026-09-23T23:53:34.923+0000] {logging_mixin.py:190} INFO - [2026-09-23T23:53:34.923+0000] {dag.py:3239} INFO - Sync 1 DAGs
[2026-09-23T23:53:34.948+0000] {logging_mixin.py:190} INFO - [2026-09-23T23:53:34.948+0000] {dag.py:4180} INFO - Setting next_dagrun for hello_airflow to None, run_after=None
[2026-09-23T23:53:34.978+0000] {processor.py:208} INFO - Processing /opt/airflow/dags/hello_airflow.py took 0.148 seconds
[2026-09-23T23:54:05.239+0000] {processor.py:186} INFO - Started process (PID=320) to work on /opt/airflow/dags/hello_airflow.py
[2026-09-23T23:54:05.241+0000] {processor.py:914} INFO - Processing file /opt/airflow/dags/hello_airflow.py for tasks to queue
[2026-09-23T23:54:05.245+0000] {logging_mixin.py:190} INFO - [2026-09-23T23:54:05.244+0000] {dagbag.py:588} INFO - Filling up the DagBag from /opt/airflow/dags/hello_airflow.py
[2026-09-23T23:54:05.277+0000] {processor.py:925} INFO - DAG(s) 'hello_airflow' retrieved from /opt/airflow/dags/hello_airflow.py
[2026-09-23T23:54:05.330+0000] {logging_mixin.py:190} INFO - [2026-09-23T23:54:05.330+0000] {dag.py:3239} INFO - Sync 1 DAGs
[2026-09-23T23:54:05.356+0000] {logging_mixin.py:190} INFO - [2026-09-23T23:54:05.355+0000] {dag.py:4180} INFO - Setting next_dagrun for hello_airflow to None, run_after=None
[2026-09-23T23:54:05.386+0000] {processor.py:208} INFO - Processing /opt/airflow/dags/hello_airflow.py took 0.158 seconds
[2026-09-23T23:54:35.511+0000] {processor.py:186} INFO - Started process (PID=325) to work on /opt/airflow/dags/hello_airflow.py
[2026-09-23T23:54:35.516+0000] {processor.py:914} INFO - Processing file /opt/airflow/dags/hello_airflow.py for tasks to queue
[2026-09-23T23:54:35.520+0000] {logging_mixin.py:190} INFO - [2026-09-23T23:54:35.520+0000] {dagbag.py:588} INFO - Filling up the DagBag from /opt/airflow/dags/hello_airflow.py
[2026-09-23T23:54:35.549+0000] {processor.py:925} INFO - DAG(s) 'hello_airflow' retrieved from /opt/airflow/dags/hello_airflow.py
[2026-09-23T23:54:35.598+0000] {logging_mixin.py:190} INFO - [2026-09-23T23:54:35.598+0000] {dag.py:3239} INFO - Sync 1 DAGs
[2026-09-23T23:54:35.622+0000] {logging_mixin.py:190} INFO - [2026-09-23T23:54:35.622+0000] {dag.py:4180} INFO - Setting next_dagrun for hello_airflow to None, run_after=None
[2026-09-23T23:54:35.658+0000] {processor.py:208} INFO - Processing /opt/airflow/dags/hello_airflow.py took 0.155 seconds
[2026-09-23T23:55:05.933+0000] {processor.py:186} INFO - Started process (PID=330) to work on /opt/airflow/dags/hello_airflow.py
[2026-09-23T23:55:05.935+0000] {processor.py:914} INFO - Processing file /opt/airflow/dags/hello_airflow.py for tasks to queue
[2026-09-23T23:55:05.942+0000] {logging_mixin.py:190} INFO - [2026-09-23T23:55:05.942+0000] {dagbag.py:588} INFO - Filling up the DagBag from /opt/airflow/dags/hello_airflow.py
[2026-09-23T23:55:05.985+0000] {processor.py:925} INFO - DAG(s) 'hello_airflow' retrieved from /opt/airflow/dags/hello_airflow.py
[2026-09-23T23:55:06.037+0000] {logging_mixin.py:190} INFO - [2026-09-23T23:55:06.036+0000] {dag.py:3239} INFO - Sync 1 DAGs
[2026-09-23T23:55:06.061+0000] {logging_mixin.py:190} INFO - [2026-09-23T23:55:06.060+0000] {dag.py:4180} INFO - Setting next_dagrun for hello_airflow to None, run_after=None
[2026-09-23T23:55:06.097+0000] {processor.py:208} INFO - Processing /opt/airflow/dags/hello_airflow.py took 0.173 seconds
[2026-09-23T23:55:36.404+0000] {processor.py:186} INFO - Started process (PID=335) to work on /opt/airflow/dags/hello_airflow.py
[2026-09-23T23:55:36.416+0000] {processor.py:914} INFO - Processing file /opt/airflow/dags/hello_airflow.py for tasks to queue
[2026-09-23T23:55:36.427+0000] {logging_mixin.py:190} INFO - [2026-09-23T23:55:36.427+0000] {dagbag.py:588} INFO - Filling up the DagBag from /opt/airflow/dags/hello_airflow.py
[2026-09-23T23:55:36.455+0000] {processor.py:925} INFO - DAG(s) 'hello_airflow' retrieved from /opt/airflow/dags/hello_airflow.py
[2026-09-23T23:55:36.529+0000] {logging_mixin.py:190} INFO - [2026-09-23T23:55:36.529+0000] {dag.py:3239} INFO - Sync 1 DAGs
[2026-09-23T23:55:36.560+0000] {logging_mixin.py:190} INFO - [2026-09-23T23:55:36.560+0000] {dag.py:4180} INFO - Setting next_dagrun for hello_airflow to None, run_after=None
[2026-09-23T23:55:36.599+0000] {processor.py:208} INFO - Processing /opt/airflow/dags/hello_airflow.py took 0.215 seconds
[2026-09-23T23:56:07.039+0000] {processor.py:186} INFO - Started process (PID=340) to work on /opt/airflow/dags/hello_airflow.py
[2026-09-23T23:56:07.042+0000] {processor.py:914} INFO - Processing file /opt/airflow/dags/hello_airflow.py for tasks to queue
[2026-09-23T23:56:07.052+0000] {logging_mixin.py:190} INFO - [2026-09-23T23:56:07.051+0000] {dagbag.py:588} INFO - Filling up the DagBag from /opt/airflow/dags/hello_airflow.py
[2026-09-23T23:56:07.096+0000] {processor.py:925} INFO - DAG(s) 'hello_airflow' retrieved from /opt/airflow/dags/hello_airflow.py
[2026-09-23T23:56:07.161+0000] {logging_mixin.py:190} INFO - [2026-09-23T23:56:07.160+0000] {dag.py:3239} INFO - Sync 1 DAGs
[2026-09-23T23:56:07.193+0000] {logging_mixin.py:190} INFO - [2026-09-23T23:56:07.193+0000] {dag.py:4180} INFO - Setting next_dagrun for hello_airflow to None, run_after=None
[2026-09-23T23:56:07.244+0000] {processor.py:208} INFO - Processing /opt/airflow/dags/hello_airflow.py took 0.215 seconds
[2026-09-23T23:56:37.354+0000] {processor.py:186} INFO - Started process (PID=345) to work on /opt/airflow/dags/hello_airflow.py
[2026-09-23T23:56:37.356+0000] {processor.py:914} INFO - Processing file /opt/airflow/dags/hello_airflow.py for tasks to queue
[2026-09-23T23:56:37.360+0000] {logging_mixin.py:190} INFO - [2026-09-23T23:56:37.360+0000] {dagbag.py:588} INFO - Filling up the DagBag from /opt/airflow/dags/hello_airflow.py
[2026-09-23T23:56:37.395+0000] {processor.py:925} INFO - DAG(s) 'hello_airflow' retrieved from /opt/airflow/dags/hello_airflow.py
[2026-09-23T23:56:37.447+0000] {logging_mixin.py:190} INFO - [2026-09-23T23:56:37.447+0000] {dag.py:3239} INFO - Sync 1 DAGs
[2026-09-23T23:56:37.479+0000] {logging_mixin.py:190} INFO - [2026-09-23T23:56:37.479+0000] {dag.py:4180} INFO - Setting next_dagrun for hello_airflow to None, run_after=None
[2026-09-23T23:56:37.518+0000] {processor.py:208} INFO - Processing /opt/airflow/dags/hello_airflow.py took 0.175 seconds
[2026-09-23T23:57:07.652+0000] {processor.py:186} INFO - Started process (PID=350) to work on /opt/airflow/dags/hello_airflow.py
[2026-09-23T23:57:07.654+0000] {processor.py:914} INFO - Processing file /opt/airflow/dags/hello_airflow.py for tasks to queue
[2026-09-23T23:57:07.668+0000] {logging_mixin.py:190} INFO - [2026-09-23T23:57:07.667+0000] {dagbag.py:588} INFO - Filling up the DagBag from /opt/airflow/dags/hello_airflow.py
[2026-09-23T23:57:07.706+0000] {processor.py:925} INFO - DAG(s) 'hello_airflow' retrieved from /opt/airflow/dags/hello_airflow.py
[2026-09-23T23:57:07.758+0000] {logging_mixin.py:190} INFO - [2026-09-23T23:57:07.758+0000] {dag.py:3239} INFO - Sync 1 DAGs
[2026-09-23T23:57:07.781+0000] {logging_mixin.py:190} INFO - [2026-09-23T23:57:07.780+0000] {dag.py:4180} INFO - Setting next_dagrun for hello_airflow to None, run_after=None
[2026-09-23T23:57:07.811+0000] {processor.py:208} INFO - Processing /opt/airflow/dags/hello_airflow.py took 0.170 seconds
[2026-09-23T23:57:38.030+0000] {processor.py:186} INFO - Started process (PID=355) to work on /opt/airflow/dags/hello_airflow.py
[2026-09-23T23:57:38.032+0000] {processor.py:914} INFO - Processing file /opt/airflow/dags/hello_airflow.py for tasks to queue
[2026-09-23T23:57:38.037+0000] {logging_mixin.py:190} INFO - [2026-09-23T23:57:38.036+0000] {dagbag.py:588} INFO - Filling up the DagBag from /opt/airflow/dags/hello_airflow.py
[2026-09-23T23:57:38.062+0000] {processor.py:925} INFO - DAG(s) 'hello_airflow' retrieved from /opt/airflow/dags/hello_airflow.py
[2026-09-23T23:57:38.107+0000] {logging_mixin.py:190} INFO - [2026-09-23T23:57:38.106+0000] {dag.py:3239} INFO - Sync 1 DAGs
[2026-09-23T23:57:38.131+0000] {logging_mixin.py:190} INFO - [2026-09-23T23:57:38.131+0000] {dag.py:4180} INFO - Setting next_dagrun for hello_airflow to None, run_after=None
[2026-09-23T23:57:38.158+0000] {processor.py:208} INFO - Processing /opt/airflow/dags/hello_airflow.py took 0.138 seconds
[2026-09-23T23:58:08.371+0000] {processor.py:186} INFO - Started process (PID=360) to work on /opt/airflow/dags/hello_airflow.py
[2026-09-23T23:58:08.373+0000] {processor.py:914} INFO - Processing file /opt/airflow/dags/hello_airflow.py for tasks to queue
[2026-09-23T23:58:08.382+0000] {logging_mixin.py:190} INFO - [2026-09-23T23:58:08.382+0000] {dagbag.py:588} INFO - Filling up the DagBag from /opt/airflow/dags/hello_airflow.py
[2026-09-23T23:58:08.405+0000] {processor.py:925} INFO - DAG(s) 'hello_airflow' retrieved from /opt/airflow/dags/hello_airflow.py
[2026-09-23T23:58:08.450+0000] {logging_mixin.py:190} INFO - [2026-09-23T23:58:08.449+0000] {dag.py:3239} INFO - Sync 1 DAGs
[2026-09-23T23:58:08.472+0000] {logging_mixin.py:190} INFO - [2026-09-23T23:58:08.472+0000] {dag.py:4180} INFO - Setting next_dagrun for hello_airflow to None, run_after=None
[2026-09-23T23:58:08.502+0000] {processor.py:208} INFO - Processing /opt/airflow/dags/hello_airflow.py took 0.142 seconds
[2026-09-23T23:58:38.814+0000] {processor.py:186} INFO - Started process (PID=389) to work on /opt/airflow/dags/hello_airflow.py
[2026-09-23T23:58:38.816+0000] {processor.py:914} INFO - Processing file /opt/airflow/dags/hello_airflow.py for tasks to queue
[2026-09-23T23:58:38.822+0000] {logging_mixin.py:190} INFO - [2026-09-23T23:58:38.821+0000] {dagbag.py:588} INFO - Filling up the DagBag from /opt/airflow/dags/hello_airflow.py
[2026-09-23T23:58:38.853+0000] {processor.py:925} INFO - DAG(s) 'hello_airflow' retrieved from /opt/airflow/dags/hello_airflow.py
[2026-09-23T23:58:38.900+0000] {logging_mixin.py:190} INFO - [2026-09-23T23:58:38.900+0000] {dag.py:3239} INFO - Sync 1 DAGs
[2026-09-23T23:58:38.933+0000] {logging_mixin.py:190} INFO - [2026-09-23T23:58:38.932+0000] {dag.py:4180} INFO - Setting next_dagrun for hello_airflow to None, run_after=None
[2026-09-23T23:58:38.963+0000] {processor.py:208} INFO - Processing /opt/airflow/dags/hello_airflow.py took 0.161 seconds
[2026-09-23T23:59:09.143+0000] {processor.py:186} INFO - Started process (PID=394) to work on /opt/airflow/dags/hello_airflow.py
[2026-09-23T23:59:09.146+0000] {processor.py:914} INFO - Processing file /opt/airflow/dags/hello_airflow.py for tasks to queue
[2026-09-23T23:59:09.150+0000] {logging_mixin.py:190} INFO - [2026-09-23T23:59:09.149+0000] {dagbag.py:588} INFO - Filling up the DagBag from /opt/airflow/dags/hello_airflow.py
[2026-09-23T23:59:09.177+0000] {processor.py:925} INFO - DAG(s) 'hello_airflow' retrieved from /opt/airflow/dags/hello_airflow.py
[2026-09-23T23:59:09.228+0000] {logging_mixin.py:190} INFO - [2026-09-23T23:59:09.227+0000] {dag.py:3239} INFO - Sync 1 DAGs
[2026-09-23T23:59:09.261+0000] {logging_mixin.py:190} INFO - [2026-09-23T23:59:09.257+0000] {dag.py:4180} INFO - Setting next_dagrun for hello_airflow to None, run_after=None
[2026-09-23T23:59:09.294+0000] {processor.py:208} INFO - Processing /opt/airflow/dags/hello_airflow.py took 0.160 seconds
[2026-09-23T23:59:39.477+0000] {processor.py:186} INFO - Started process (PID=399) to work on /opt/airflow/dags/hello_airflow.py
[2026-09-23T23:59:39.479+0000] {processor.py:914} INFO - Processing file /opt/airflow/dags/hello_airflow.py for tasks to queue
[2026-09-23T23:59:39.488+0000] {logging_mixin.py:190} INFO - [2026-09-23T23:59:39.487+0000] {dagbag.py:588} INFO - Filling up the DagBag from /opt/airflow/dags/hello_airflow.py
[2026-09-23T23:59:39.516+0000] {processor.py:925} INFO - DAG(s) 'hello_airflow' retrieved from /opt/airflow/dags/hello_airflow.py
[2026-09-23T23:59:39.560+0000] {logging_mixin.py:190} INFO - [2026-09-23T23:59:39.559+0000] {dag.py:3239} INFO - Sync 1 DAGs
[2026-09-23T23:59:39.587+0000] {logging_mixin.py:190} INFO - [2026-09-23T23:59:39.587+0000] {dag.py:4180} INFO - Setting next_dagrun for hello_airflow to None, run_after=None
[2026-09-23T23:59:39.617+0000] {processor.py:208} INFO - Processing /opt/airflow/dags/hello_airflow.py took 0.148 seconds
