[2026-09-24T00:32:23.712+0000] {local_task_job_runner.py:123} INFO - ::group::Pre task execution logs
[2026-09-24T00:32:23.752+0000] {taskinstance.py:2631} INFO - Dependencies all met for dep_context=non-requeueable deps ti=<TaskInstance: ETL_Projeto.rodar_main manual__2026-09-24T00:32:23.093306+00:00 [queued]>
[2026-09-24T00:32:23.766+0000] {taskinstance.py:2631} INFO - Dependencies all met for dep_context=requeueable deps ti=<TaskInstance: ETL_Projeto.rodar_main manual__2026-09-24T00:32:23.093306+00:00 [queued]>
[2026-09-24T00:32:23.768+0000] {taskinstance.py:2884} INFO - Starting attempt 1 of 1
[2026-09-24T00:32:23.790+0000] {taskinstance.py:2907} INFO - Executing <Task(BashOperator): rodar_main> on 2026-09-24 00:32:23.093306+00:00
[2026-09-24T00:32:23.804+0000] {logging_mixin.py:190} WARNING - /home/***/.local/lib/python3.12/site-packages/***/task/task_runner/standard_task_runner.py:70 DeprecationWarning: This process (pid=278) is multi-threaded, use of fork() may lead to deadlocks in the child.
[2026-09-24T00:32:23.807+0000] {standard_task_runner.py:72} INFO - Started process 279 to run task
[2026-09-24T00:32:23.804+0000] {standard_task_runner.py:104} INFO - Running: ['***', 'tasks', 'run', 'ETL_Projeto', 'rodar_main', 'manual__2026-09-24T00:32:23.093306+00:00', '--job-id', '17', '--raw', '--subdir', 'DAGS_FOLDER/teste_python.py', '--cfg-path', '/tmp/tmpdiunk0w6']
[2026-09-24T00:32:23.808+0000] {standard_task_runner.py:105} INFO - Job 17: Subtask rodar_main
[2026-09-24T00:32:23.901+0000] {task_command.py:467} INFO - Running <TaskInstance: ETL_Projeto.rodar_main manual__2026-09-24T00:32:23.093306+00:00 [running]> on host fdf440abece8
[2026-09-24T00:32:24.053+0000] {taskinstance.py:3157} INFO - Exporting env vars: AIRFLOW_CTX_DAG_OWNER='***' AIRFLOW_CTX_DAG_ID='ETL_Projeto' AIRFLOW_CTX_TASK_ID='rodar_main' AIRFLOW_CTX_EXECUTION_DATE='2026-09-24T00:32:23.093306+00:00' AIRFLOW_CTX_TRY_NUMBER='1' AIRFLOW_CTX_DAG_RUN_ID='manual__2026-09-24T00:32:23.093306+00:00'
[2026-09-24T00:32:24.055+0000] {taskinstance.py:740} INFO - ::endgroup::
[2026-09-24T00:32:24.076+0000] {subprocess.py:78} INFO - Tmp dir root location: /tmp
[2026-09-24T00:32:24.079+0000] {subprocess.py:88} INFO - Running command: ['/usr/bin/bash', '-c', 'ls -la /projeto']
[2026-09-24T00:32:24.095+0000] {subprocess.py:99} INFO - Output:
[2026-09-24T00:32:24.139+0000] {subprocess.py:106} INFO - total 20
[2026-09-24T00:32:24.140+0000] {subprocess.py:106} INFO - drwxrwxrwx 1 root root 4096 Sep 23 00:10 .
[2026-09-24T00:32:24.141+0000] {subprocess.py:106} INFO - drwxr-xr-x 1 root root 4096 Sep 24 00:24 ..
[2026-09-24T00:32:24.141+0000] {subprocess.py:106} INFO - -rwxrwxrwx 1 root root   32 Sep  7 23:03 .dockerignore
[2026-09-24T00:32:24.147+0000] {subprocess.py:106} INFO - -rwxrwxrwx 1 root root   99 Sep 22 23:34 .env
[2026-09-24T00:32:24.148+0000] {subprocess.py:106} INFO - -rwxrwxrwx 1 root root  115 Sep 23 00:08 .env.example
[2026-09-24T00:32:24.149+0000] {subprocess.py:106} INFO - drwxrwxrwx 1 root root 4096 Sep 23 01:03 .git
[2026-09-24T00:32:24.150+0000] {subprocess.py:106} INFO - -rwxrwxrwx 1 root root  157 Sep 20 00:05 .gitignore
[2026-09-24T00:32:24.151+0000] {subprocess.py:106} INFO - drwxrwxrwx 1 root root 4096 Sep 20 00:00 .venv
[2026-09-24T00:32:24.152+0000] {subprocess.py:106} INFO - drwxrwxrwx 1 root root 4096 Aug 30 23:26 .vscode
[2026-09-24T00:32:24.153+0000] {subprocess.py:106} INFO - -rwxrwxrwx 1 root root  139 Sep 18 00:10 Dockerfile
[2026-09-24T00:32:24.153+0000] {subprocess.py:106} INFO - -rwxrwxrwx 1 root root 6584 Sep 20 21:06 README.md
[2026-09-24T00:32:24.154+0000] {subprocess.py:106} INFO - drwxrwxrwx 1 root root 4096 Sep  7 01:07 __pycache__
[2026-09-24T00:32:24.155+0000] {subprocess.py:106} INFO - drwxrwxrwx 1 root root 4096 Sep 23 00:48 ***
[2026-09-24T00:32:24.158+0000] {subprocess.py:106} INFO - -rwxrwxrwx 1 root root  369 Sep 22 23:52 config.py
[2026-09-24T00:32:24.159+0000] {subprocess.py:106} INFO - -rwxrwxrwx 1 root root 1362 Sep 23 00:03 docker-compose.yml
[2026-09-24T00:32:24.160+0000] {subprocess.py:106} INFO - drwxrwxrwx 1 root root 4096 Sep  4 00:26 docs
[2026-09-24T00:32:24.161+0000] {subprocess.py:106} INFO - drwxrwxrwx 1 root root 4096 Sep 20 20:18 etl
[2026-09-24T00:32:24.162+0000] {subprocess.py:106} INFO - drwxrwxrwx 1 root root 4096 Sep 23 00:12 logs
[2026-09-24T00:32:24.162+0000] {subprocess.py:106} INFO - -rwxrwxrwx 1 root root  169 Sep 20 20:19 main.py
[2026-09-24T00:32:24.163+0000] {subprocess.py:106} INFO - drwxrwxrwx 1 root root 4096 Sep 22 23:10 projeto_dbt
[2026-09-24T00:32:24.164+0000] {subprocess.py:106} INFO - -rwxrwxrwx 1 root root   30 Sep 20 21:32 requirements.txt
[2026-09-24T00:32:24.164+0000] {subprocess.py:106} INFO - drwxrwxrwx 1 root root 4096 Sep  7 01:07 seeds
[2026-09-24T00:32:24.165+0000] {subprocess.py:106} INFO - drwxrwxrwx 1 root root 4096 Sep 20 20:26 sql
[2026-09-24T00:32:24.166+0000] {subprocess.py:110} INFO - Command exited with return code 0
[2026-09-24T00:32:24.214+0000] {taskinstance.py:349} INFO - ::group::Post task execution logs
[2026-09-24T00:32:24.216+0000] {taskinstance.py:361} INFO - Marking task as SUCCESS. dag_id=ETL_Projeto, task_id=rodar_main, run_id=manual__2026-09-24T00:32:23.093306+00:00, execution_date=20260924T003223, start_date=20260924T003223, end_date=20260924T003224
[2026-09-24T00:32:24.309+0000] {local_task_job_runner.py:266} INFO - Task exited with return code 0
[2026-09-24T00:32:24.337+0000] {taskinstance.py:3924} INFO - 0 downstream tasks scheduled from follow-on schedule check
[2026-09-24T00:32:24.340+0000] {local_task_job_runner.py:245} INFO - ::endgroup::
