[2026-09-25T01:44:50.029+0000] {local_task_job_runner.py:123} INFO - ::group::Pre task execution logs
[2026-09-25T01:44:50.072+0000] {taskinstance.py:2631} INFO - Dependencies all met for dep_context=non-requeueable deps ti=<TaskInstance: ETL_Projeto.dbt_transform manual__2026-09-25T01:44:43.946070+00:00 [queued]>
[2026-09-25T01:44:50.087+0000] {taskinstance.py:2631} INFO - Dependencies all met for dep_context=requeueable deps ti=<TaskInstance: ETL_Projeto.dbt_transform manual__2026-09-25T01:44:43.946070+00:00 [queued]>
[2026-09-25T01:44:50.088+0000] {taskinstance.py:2884} INFO - Starting attempt 1 of 1
[2026-09-25T01:44:50.109+0000] {taskinstance.py:2907} INFO - Executing <Task(DockerOperator): dbt_transform> on 2026-09-25 01:44:43.946070+00:00
[2026-09-25T01:44:50.121+0000] {logging_mixin.py:190} WARNING - /home/***/.local/lib/python3.12/site-packages/***/task/task_runner/standard_task_runner.py:70 DeprecationWarning: This process (pid=3837) is multi-threaded, use of fork() may lead to deadlocks in the child.
[2026-09-25T01:44:50.121+0000] {standard_task_runner.py:104} INFO - Running: ['***', 'tasks', 'run', 'ETL_Projeto', 'dbt_transform', 'manual__2026-09-25T01:44:43.946070+00:00', '--job-id', '47', '--raw', '--subdir', 'DAGS_FOLDER/teste_python.py', '--cfg-path', '/tmp/tmpi264udq_']
[2026-09-25T01:44:50.125+0000] {standard_task_runner.py:72} INFO - Started process 3838 to run task
[2026-09-25T01:44:50.126+0000] {standard_task_runner.py:105} INFO - Job 47: Subtask dbt_transform
[2026-09-25T01:44:50.207+0000] {task_command.py:467} INFO - Running <TaskInstance: ETL_Projeto.dbt_transform manual__2026-09-25T01:44:43.946070+00:00 [running]> on host b6255e59cd80
[2026-09-25T01:44:50.350+0000] {taskinstance.py:3157} INFO - Exporting env vars: AIRFLOW_CTX_DAG_OWNER='***' AIRFLOW_CTX_DAG_ID='ETL_Projeto' AIRFLOW_CTX_TASK_ID='dbt_transform' AIRFLOW_CTX_EXECUTION_DATE='2026-09-25T01:44:43.946070+00:00' AIRFLOW_CTX_TRY_NUMBER='1' AIRFLOW_CTX_DAG_RUN_ID='manual__2026-09-25T01:44:43.946070+00:00'
[2026-09-25T01:44:50.351+0000] {taskinstance.py:740} INFO - ::endgroup::
[2026-09-25T01:44:50.451+0000] {docker.py:352} INFO - Starting docker container from image dbt_runner:latest
[2026-09-25T01:44:50.462+0000] {docker.py:360} WARNING - Using remote engine or docker-in-docker and mounting temporary volume from host is not supported. Falling back to `mount_tmp_dir=False` mode. You can set `mount_tmp_dir` parameter to False to disable mounting and remove the warning
[2026-09-25T01:44:53.694+0000] {docker.py:72} INFO - [0m01:44:53  Running with dbt=1.12.5
[2026-09-25T01:44:54.175+0000] {docker.py:72} INFO - [0m01:44:54  Registered adapter: postgres=1.11.0
[2026-09-25T01:44:54.877+0000] {docker.py:72} INFO - [0m01:44:54  Unable to do partial parsing because profile has changed
[2026-09-25T01:44:57.233+0000] {docker.py:72} INFO - [0m01:44:57  [[33mWARNING[0m][MissingArgumentsPropertyInGenericTestDeprecation]: Deprecated
[2026-09-25T01:44:57.234+0000] {docker.py:72} INFO - functionality
[2026-09-25T01:44:57.235+0000] {docker.py:72} INFO - Found top-level arguments to test `accepted_values` defined on 'stg_clientes' in
[2026-09-25T01:44:57.238+0000] {docker.py:72} INFO - package 'projeto_dbt' (models/staging/stg_clientes.yml). Arguments to generic
[2026-09-25T01:44:57.240+0000] {docker.py:72} INFO - tests should be nested under the `arguments` property.
[2026-09-25T01:44:57.991+0000] {docker.py:72} INFO - [0m01:44:57  Found 7 models, 22 data tests, 5 sources, 477 macros
[2026-09-25T01:44:57.995+0000] {docker.py:72} INFO - [0m01:44:57
[2026-09-25T01:44:57.997+0000] {docker.py:72} INFO - [0m01:44:57  Concurrency: 4 threads (target='dev')
[2026-09-25T01:44:57.998+0000] {docker.py:72} INFO - [0m01:44:57
[2026-09-25T01:44:58.201+0000] {docker.py:72} INFO - [0m01:44:58  4 of 7 START sql view model dbt_staging.stg_produtos ........................... [RUN]
[2026-09-25T01:44:58.203+0000] {docker.py:72} INFO - [0m01:44:58  1 of 7 START sql view model dbt_staging.stg_clientes ........................... [RUN]
[2026-09-25T01:44:58.205+0000] {docker.py:72} INFO - [0m01:44:58  3 of 7 START sql view model dbt_staging.stg_origens ............................ [RUN]
[2026-09-25T01:44:58.206+0000] {docker.py:72} INFO - [0m01:44:58  2 of 7 START sql view model dbt_staging.stg_clinicas ........................... [RUN]
[2026-09-25T01:44:58.566+0000] {docker.py:72} INFO - [0m01:44:58  2 of 7 OK created sql view model dbt_staging.stg_clinicas ...................... [[32mCREATE VIEW[0m in 0.34s]
[2026-09-25T01:44:58.572+0000] {docker.py:72} INFO - [0m01:44:58  4 of 7 OK created sql view model dbt_staging.stg_produtos ...................... [[32mCREATE VIEW[0m in 0.36s]
[2026-09-25T01:44:58.576+0000] {docker.py:72} INFO - [0m01:44:58  3 of 7 OK created sql view model dbt_staging.stg_origens ....................... [[32mCREATE VIEW[0m in 0.35s]
[2026-09-25T01:44:58.578+0000] {docker.py:72} INFO - [0m01:44:58  1 of 7 OK created sql view model dbt_staging.stg_clientes ...................... [[32mCREATE VIEW[0m in 0.36s]
[2026-09-25T01:44:58.583+0000] {docker.py:72} INFO - [0m01:44:58  5 of 7 START sql view model dbt_staging.stg_vendas ............................. [RUN]
[2026-09-25T01:44:58.593+0000] {docker.py:72} INFO - [0m01:44:58  6 of 7 START sql view model dbt_analytics.dim_clientes ......................... [RUN]
[2026-09-25T01:44:58.693+0000] {docker.py:72} INFO - [0m01:44:58  6 of 7 OK created sql view model dbt_analytics.dim_clientes .................... [[32mCREATE VIEW[0m in 0.09s]
[2026-09-25T01:44:58.700+0000] {docker.py:72} INFO - [0m01:44:58  5 of 7 OK created sql view model dbt_staging.stg_vendas ........................ [[32mCREATE VIEW[0m in 0.11s]
[2026-09-25T01:44:58.707+0000] {docker.py:72} INFO - [0m01:44:58  7 of 7 START sql table model dbt_analytics.fato_vendas ......................... [RUN]
[2026-09-25T01:44:58.802+0000] {docker.py:72} INFO - [0m01:44:58  7 of 7 OK created sql table model dbt_analytics.fato_vendas .................... [[32mSELECT 5[0m in 0.10s]
[2026-09-25T01:44:58.825+0000] {docker.py:72} INFO - [0m01:44:58
[2026-09-25T01:44:58.827+0000] {docker.py:72} INFO - [0m01:44:58  Finished running 1 table model, 6 view models in 0 hours 0 minutes and 0.83 seconds (0.83s).
[2026-09-25T01:44:58.914+0000] {docker.py:72} INFO - [0m01:44:58
[2026-09-25T01:44:58.916+0000] {docker.py:72} INFO - [0m01:44:58  [32mCompleted successfully[0m
[2026-09-25T01:44:58.918+0000] {docker.py:72} INFO - [0m01:44:58
[2026-09-25T01:44:58.920+0000] {docker.py:72} INFO - [0m01:44:58  Done. PASS=7 WARN=0 ERROR=0 SKIP=0 NO-OP=0 REUSED=0 TOTAL=7
[2026-09-25T01:44:58.921+0000] {docker.py:72} INFO - [0m01:44:58  [[33mWARNING[0m][DeprecationsSummary]: Deprecated functionality
[2026-09-25T01:44:58.922+0000] {docker.py:72} INFO - Summary of encountered deprecations:
[2026-09-25T01:44:58.924+0000] {docker.py:72} INFO - - MissingArgumentsPropertyInGenericTestDeprecation: 2 occurrences
[2026-09-25T01:44:58.925+0000] {docker.py:72} INFO - To see all deprecation instances instead of just the first occurrence of each,
[2026-09-25T01:44:58.974+0000] {docker.py:72} INFO - run command again with the `--show-all-deprecations` flag. You may also need to
[2026-09-25T01:44:58.984+0000] {docker.py:72} INFO - run with `--no-partial-parse` as some deprecations are only encountered during
[2026-09-25T01:44:58.993+0000] {docker.py:72} INFO - parsing.
[2026-09-25T01:45:00.812+0000] {taskinstance.py:349} INFO - ::group::Post task execution logs
[2026-09-25T01:45:00.813+0000] {taskinstance.py:361} INFO - Marking task as SUCCESS. dag_id=ETL_Projeto, task_id=dbt_transform, run_id=manual__2026-09-25T01:44:43.946070+00:00, execution_date=20260925T014443, start_date=20260925T014450, end_date=20260925T014500
[2026-09-25T01:45:00.887+0000] {local_task_job_runner.py:266} INFO - Task exited with return code 0
[2026-09-25T01:45:00.926+0000] {taskinstance.py:3924} INFO - 1 downstream tasks scheduled from follow-on schedule check
[2026-09-25T01:45:00.930+0000] {local_task_job_runner.py:245} INFO - ::endgroup::
