[2026-09-23T23:48:08.559+0000] {local_task_job_runner.py:123} INFO - ::group::Pre task execution logs
[2026-09-23T23:48:08.599+0000] {taskinstance.py:2631} INFO - Dependencies all met for dep_context=non-requeueable deps ti=<TaskInstance: hello_airflow.inicio manual__2026-09-23T23:48:07.694451+00:00 [queued]>
[2026-09-23T23:48:08.619+0000] {taskinstance.py:2631} INFO - Dependencies all met for dep_context=requeueable deps ti=<TaskInstance: hello_airflow.inicio manual__2026-09-23T23:48:07.694451+00:00 [queued]>
[2026-09-23T23:48:08.620+0000] {taskinstance.py:2884} INFO - Starting attempt 1 of 1
[2026-09-23T23:48:08.644+0000] {taskinstance.py:2907} INFO - Executing <Task(BashOperator): inicio> on 2026-09-23 23:48:07.694451+00:00
[2026-09-23T23:48:08.657+0000] {logging_mixin.py:190} WARNING - /home/***/.local/lib/python3.12/site-packages/***/task/task_runner/standard_task_runner.py:70 DeprecationWarning: This process (pid=253) is multi-threaded, use of fork() may lead to deadlocks in the child.
[2026-09-23T23:48:08.656+0000] {standard_task_runner.py:104} INFO - Running: ['***', 'tasks', 'run', 'hello_***', 'inicio', 'manual__2026-09-23T23:48:07.694451+00:00', '--job-id', '3', '--raw', '--subdir', 'DAGS_FOLDER/hello_***.py', '--cfg-path', '/tmp/tmp61hus1oz']
[2026-09-23T23:48:08.659+0000] {standard_task_runner.py:72} INFO - Started process 254 to run task
[2026-09-23T23:48:08.660+0000] {standard_task_runner.py:105} INFO - Job 3: Subtask inicio
[2026-09-23T23:48:08.760+0000] {task_command.py:467} INFO - Running <TaskInstance: hello_airflow.inicio manual__2026-09-23T23:48:07.694451+00:00 [running]> on host 025cd88dfcae
[2026-09-23T23:48:08.930+0000] {taskinstance.py:3157} INFO - Exporting env vars: AIRFLOW_CTX_DAG_OWNER='***' AIRFLOW_CTX_DAG_ID='hello_***' AIRFLOW_CTX_TASK_ID='inicio' AIRFLOW_CTX_EXECUTION_DATE='2026-09-23T23:48:07.694451+00:00' AIRFLOW_CTX_TRY_NUMBER='1' AIRFLOW_CTX_DAG_RUN_ID='manual__2026-09-23T23:48:07.694451+00:00'
[2026-09-23T23:48:08.932+0000] {taskinstance.py:740} INFO - ::endgroup::
[2026-09-23T23:48:09.001+0000] {subprocess.py:78} INFO - Tmp dir root location: /tmp
[2026-09-23T23:48:09.004+0000] {subprocess.py:88} INFO - Running command: ['/usr/bin/bash', '-c', 'echo "Início da DAG"']
[2026-09-23T23:48:09.027+0000] {subprocess.py:99} INFO - Output:
[2026-09-23T23:48:09.032+0000] {subprocess.py:106} INFO - Início da DAG
[2026-09-23T23:48:09.037+0000] {subprocess.py:110} INFO - Command exited with return code 0
[2026-09-23T23:48:09.096+0000] {taskinstance.py:349} INFO - ::group::Post task execution logs
[2026-09-23T23:48:09.097+0000] {taskinstance.py:361} INFO - Marking task as SUCCESS. dag_id=hello_***, task_id=inicio, run_id=manual__2026-09-23T23:48:07.694451+00:00, execution_date=20260923T234807, start_date=20260923T234808, end_date=20260923T234809
[2026-09-23T23:48:09.161+0000] {local_task_job_runner.py:266} INFO - Task exited with return code 0
[2026-09-23T23:48:09.216+0000] {taskinstance.py:3924} INFO - 1 downstream tasks scheduled from follow-on schedule check
[2026-09-23T23:48:09.224+0000] {local_task_job_runner.py:245} INFO - ::endgroup::
