[2026-09-24T00:11:50.921+0000] {processor.py:186} INFO - Started process (PID=536) to work on /opt/airflow/dags/print_airflow.py
[2026-09-24T00:11:50.923+0000] {processor.py:914} INFO - Processing file /opt/airflow/dags/print_airflow.py for tasks to queue
[2026-09-24T00:11:50.931+0000] {logging_mixin.py:190} INFO - [2026-09-24T00:11:50.930+0000] {dagbag.py:588} INFO - Filling up the DagBag from /opt/airflow/dags/print_airflow.py
[2026-09-24T00:11:50.977+0000] {processor.py:927} WARNING - No viable dags retrieved from /opt/airflow/dags/print_airflow.py
[2026-09-24T00:11:51.011+0000] {processor.py:208} INFO - Processing /opt/airflow/dags/print_airflow.py took 0.099 seconds
[2026-09-24T00:12:21.476+0000] {processor.py:186} INFO - Started process (PID=546) to work on /opt/airflow/dags/print_airflow.py
[2026-09-24T00:12:21.478+0000] {processor.py:914} INFO - Processing file /opt/airflow/dags/print_airflow.py for tasks to queue
[2026-09-24T00:12:21.482+0000] {logging_mixin.py:190} INFO - [2026-09-24T00:12:21.482+0000] {dagbag.py:588} INFO - Filling up the DagBag from /opt/airflow/dags/print_airflow.py
[2026-09-24T00:12:21.503+0000] {processor.py:927} WARNING - No viable dags retrieved from /opt/airflow/dags/print_airflow.py
[2026-09-24T00:12:21.531+0000] {processor.py:208} INFO - Processing /opt/airflow/dags/print_airflow.py took 0.065 seconds
[2026-09-24T00:12:51.844+0000] {processor.py:186} INFO - Started process (PID=556) to work on /opt/airflow/dags/print_airflow.py
[2026-09-24T00:12:51.846+0000] {processor.py:914} INFO - Processing file /opt/airflow/dags/print_airflow.py for tasks to queue
[2026-09-24T00:12:51.851+0000] {logging_mixin.py:190} INFO - [2026-09-24T00:12:51.851+0000] {dagbag.py:588} INFO - Filling up the DagBag from /opt/airflow/dags/print_airflow.py
[2026-09-24T00:12:51.868+0000] {processor.py:927} WARNING - No viable dags retrieved from /opt/airflow/dags/print_airflow.py
[2026-09-24T00:12:51.893+0000] {processor.py:208} INFO - Processing /opt/airflow/dags/print_airflow.py took 0.058 seconds
[2026-09-24T00:13:22.199+0000] {processor.py:186} INFO - Started process (PID=566) to work on /opt/airflow/dags/print_airflow.py
[2026-09-24T00:13:22.201+0000] {processor.py:914} INFO - Processing file /opt/airflow/dags/print_airflow.py for tasks to queue
[2026-09-24T00:13:22.206+0000] {logging_mixin.py:190} INFO - [2026-09-24T00:13:22.205+0000] {dagbag.py:588} INFO - Filling up the DagBag from /opt/airflow/dags/print_airflow.py
[2026-09-24T00:13:22.223+0000] {processor.py:927} WARNING - No viable dags retrieved from /opt/airflow/dags/print_airflow.py
[2026-09-24T00:13:22.251+0000] {processor.py:208} INFO - Processing /opt/airflow/dags/print_airflow.py took 0.062 seconds
[2026-09-24T00:13:52.601+0000] {processor.py:186} INFO - Started process (PID=576) to work on /opt/airflow/dags/print_airflow.py
[2026-09-24T00:13:52.604+0000] {processor.py:914} INFO - Processing file /opt/airflow/dags/print_airflow.py for tasks to queue
[2026-09-24T00:13:52.609+0000] {logging_mixin.py:190} INFO - [2026-09-24T00:13:52.608+0000] {dagbag.py:588} INFO - Filling up the DagBag from /opt/airflow/dags/print_airflow.py
[2026-09-24T00:13:52.623+0000] {processor.py:927} WARNING - No viable dags retrieved from /opt/airflow/dags/print_airflow.py
[2026-09-24T00:13:52.650+0000] {processor.py:208} INFO - Processing /opt/airflow/dags/print_airflow.py took 0.057 seconds
[2026-09-24T00:14:23.220+0000] {processor.py:186} INFO - Started process (PID=586) to work on /opt/airflow/dags/print_airflow.py
[2026-09-24T00:14:23.222+0000] {processor.py:914} INFO - Processing file /opt/airflow/dags/print_airflow.py for tasks to queue
[2026-09-24T00:14:23.227+0000] {logging_mixin.py:190} INFO - [2026-09-24T00:14:23.226+0000] {dagbag.py:588} INFO - Filling up the DagBag from /opt/airflow/dags/print_airflow.py
[2026-09-24T00:14:23.241+0000] {processor.py:927} WARNING - No viable dags retrieved from /opt/airflow/dags/print_airflow.py
[2026-09-24T00:14:23.266+0000] {processor.py:208} INFO - Processing /opt/airflow/dags/print_airflow.py took 0.055 seconds
[2026-09-24T00:14:53.530+0000] {processor.py:186} INFO - Started process (PID=596) to work on /opt/airflow/dags/print_airflow.py
[2026-09-24T00:14:53.532+0000] {processor.py:914} INFO - Processing file /opt/airflow/dags/print_airflow.py for tasks to queue
[2026-09-24T00:14:53.536+0000] {logging_mixin.py:190} INFO - [2026-09-24T00:14:53.535+0000] {dagbag.py:588} INFO - Filling up the DagBag from /opt/airflow/dags/print_airflow.py
[2026-09-24T00:14:53.554+0000] {processor.py:927} WARNING - No viable dags retrieved from /opt/airflow/dags/print_airflow.py
[2026-09-24T00:14:53.579+0000] {processor.py:208} INFO - Processing /opt/airflow/dags/print_airflow.py took 0.059 seconds
[2026-09-24T00:15:23.905+0000] {processor.py:186} INFO - Started process (PID=606) to work on /opt/airflow/dags/print_airflow.py
[2026-09-24T00:15:23.908+0000] {processor.py:914} INFO - Processing file /opt/airflow/dags/print_airflow.py for tasks to queue
[2026-09-24T00:15:23.913+0000] {logging_mixin.py:190} INFO - [2026-09-24T00:15:23.912+0000] {dagbag.py:588} INFO - Filling up the DagBag from /opt/airflow/dags/print_airflow.py
[2026-09-24T00:15:23.929+0000] {processor.py:927} WARNING - No viable dags retrieved from /opt/airflow/dags/print_airflow.py
[2026-09-24T00:15:23.957+0000] {processor.py:208} INFO - Processing /opt/airflow/dags/print_airflow.py took 0.063 seconds
[2026-09-24T00:15:54.250+0000] {processor.py:186} INFO - Started process (PID=616) to work on /opt/airflow/dags/print_airflow.py
[2026-09-24T00:15:54.252+0000] {processor.py:914} INFO - Processing file /opt/airflow/dags/print_airflow.py for tasks to queue
[2026-09-24T00:15:54.256+0000] {logging_mixin.py:190} INFO - [2026-09-24T00:15:54.256+0000] {dagbag.py:588} INFO - Filling up the DagBag from /opt/airflow/dags/print_airflow.py
[2026-09-24T00:15:54.273+0000] {processor.py:927} WARNING - No viable dags retrieved from /opt/airflow/dags/print_airflow.py
[2026-09-24T00:15:54.303+0000] {processor.py:208} INFO - Processing /opt/airflow/dags/print_airflow.py took 0.062 seconds
[2026-09-24T00:16:24.599+0000] {processor.py:186} INFO - Started process (PID=626) to work on /opt/airflow/dags/print_airflow.py
[2026-09-24T00:16:24.601+0000] {processor.py:914} INFO - Processing file /opt/airflow/dags/print_airflow.py for tasks to queue
[2026-09-24T00:16:24.607+0000] {logging_mixin.py:190} INFO - [2026-09-24T00:16:24.606+0000] {dagbag.py:588} INFO - Filling up the DagBag from /opt/airflow/dags/print_airflow.py
[2026-09-24T00:16:24.622+0000] {processor.py:927} WARNING - No viable dags retrieved from /opt/airflow/dags/print_airflow.py
[2026-09-24T00:16:24.648+0000] {processor.py:208} INFO - Processing /opt/airflow/dags/print_airflow.py took 0.059 seconds
[2026-09-24T00:16:55.006+0000] {processor.py:186} INFO - Started process (PID=636) to work on /opt/airflow/dags/print_airflow.py
[2026-09-24T00:16:55.008+0000] {processor.py:914} INFO - Processing file /opt/airflow/dags/print_airflow.py for tasks to queue
[2026-09-24T00:16:55.014+0000] {logging_mixin.py:190} INFO - [2026-09-24T00:16:55.013+0000] {dagbag.py:588} INFO - Filling up the DagBag from /opt/airflow/dags/print_airflow.py
[2026-09-24T00:16:55.039+0000] {processor.py:927} WARNING - No viable dags retrieved from /opt/airflow/dags/print_airflow.py
[2026-09-24T00:16:55.063+0000] {processor.py:208} INFO - Processing /opt/airflow/dags/print_airflow.py took 0.068 seconds
[2026-09-24T00:17:25.375+0000] {processor.py:186} INFO - Started process (PID=646) to work on /opt/airflow/dags/print_airflow.py
[2026-09-24T00:17:25.377+0000] {processor.py:914} INFO - Processing file /opt/airflow/dags/print_airflow.py for tasks to queue
[2026-09-24T00:17:25.382+0000] {logging_mixin.py:190} INFO - [2026-09-24T00:17:25.381+0000] {dagbag.py:588} INFO - Filling up the DagBag from /opt/airflow/dags/print_airflow.py
[2026-09-24T00:17:25.395+0000] {processor.py:927} WARNING - No viable dags retrieved from /opt/airflow/dags/print_airflow.py
[2026-09-24T00:17:25.420+0000] {processor.py:208} INFO - Processing /opt/airflow/dags/print_airflow.py took 0.055 seconds
[2026-09-24T00:17:55.714+0000] {processor.py:186} INFO - Started process (PID=656) to work on /opt/airflow/dags/print_airflow.py
[2026-09-24T00:17:55.716+0000] {processor.py:914} INFO - Processing file /opt/airflow/dags/print_airflow.py for tasks to queue
[2026-09-24T00:17:55.724+0000] {logging_mixin.py:190} INFO - [2026-09-24T00:17:55.723+0000] {dagbag.py:588} INFO - Filling up the DagBag from /opt/airflow/dags/print_airflow.py
[2026-09-24T00:17:55.740+0000] {processor.py:927} WARNING - No viable dags retrieved from /opt/airflow/dags/print_airflow.py
[2026-09-24T00:17:55.768+0000] {processor.py:208} INFO - Processing /opt/airflow/dags/print_airflow.py took 0.062 seconds
