[2026-09-25T01:41:35.581+0000] {local_task_job_runner.py:123} INFO - ::group::Pre task execution logs
[2026-09-25T01:41:35.623+0000] {taskinstance.py:2631} INFO - Dependencies all met for dep_context=non-requeueable deps ti=<TaskInstance: ETL_Projeto.dbt_transform manual__2026-09-25T01:41:28.920714+00:00 [queued]>
[2026-09-25T01:41:35.638+0000] {taskinstance.py:2631} INFO - Dependencies all met for dep_context=requeueable deps ti=<TaskInstance: ETL_Projeto.dbt_transform manual__2026-09-25T01:41:28.920714+00:00 [queued]>
[2026-09-25T01:41:35.640+0000] {taskinstance.py:2884} INFO - Starting attempt 1 of 1
[2026-09-25T01:41:35.657+0000] {taskinstance.py:2907} INFO - Executing <Task(DockerOperator): dbt_transform> on 2026-09-25 01:41:28.920714+00:00
[2026-09-25T01:41:35.670+0000] {logging_mixin.py:190} WARNING - /home/***/.local/lib/python3.12/site-packages/***/task/task_runner/standard_task_runner.py:70 DeprecationWarning: This process (pid=3760) is multi-threaded, use of fork() may lead to deadlocks in the child.
[2026-09-25T01:41:35.670+0000] {standard_task_runner.py:104} INFO - Running: ['***', 'tasks', 'run', 'ETL_Projeto', 'dbt_transform', 'manual__2026-09-25T01:41:28.920714+00:00', '--job-id', '43', '--raw', '--subdir', 'DAGS_FOLDER/teste_python.py', '--cfg-path', '/tmp/tmpgxbu7065']
[2026-09-25T01:41:35.674+0000] {standard_task_runner.py:105} INFO - Job 43: Subtask dbt_transform
[2026-09-25T01:41:35.673+0000] {standard_task_runner.py:72} INFO - Started process 3761 to run task
[2026-09-25T01:41:35.760+0000] {task_command.py:467} INFO - Running <TaskInstance: ETL_Projeto.dbt_transform manual__2026-09-25T01:41:28.920714+00:00 [running]> on host b6255e59cd80
[2026-09-25T01:41:36.033+0000] {taskinstance.py:3157} INFO - Exporting env vars: AIRFLOW_CTX_DAG_OWNER='***' AIRFLOW_CTX_DAG_ID='ETL_Projeto' AIRFLOW_CTX_TASK_ID='dbt_transform' AIRFLOW_CTX_EXECUTION_DATE='2026-09-25T01:41:28.920714+00:00' AIRFLOW_CTX_TRY_NUMBER='1' AIRFLOW_CTX_DAG_RUN_ID='manual__2026-09-25T01:41:28.920714+00:00'
[2026-09-25T01:41:36.036+0000] {taskinstance.py:740} INFO - ::endgroup::
[2026-09-25T01:41:36.133+0000] {docker.py:352} INFO - Starting docker container from image dbt_runner:latest
[2026-09-25T01:41:36.144+0000] {docker.py:360} WARNING - Using remote engine or docker-in-docker and mounting temporary volume from host is not supported. Falling back to `mount_tmp_dir=False` mode. You can set `mount_tmp_dir` parameter to False to disable mounting and remove the warning
[2026-09-25T01:41:39.720+0000] {docker.py:72} INFO - [0m01:41:39  Running with dbt=1.12.5
[2026-09-25T01:41:40.209+0000] {docker.py:72} INFO - [0m01:41:40  Registered adapter: postgres=1.11.0
[2026-09-25T01:41:40.736+0000] {docker.py:72} INFO - [0m01:41:40  Unable to do partial parsing because profile has changed
[2026-09-25T01:41:43.202+0000] {docker.py:72} INFO - [0m01:41:43  [[33mWARNING[0m][MissingArgumentsPropertyInGenericTestDeprecation]: Deprecated
[2026-09-25T01:41:43.203+0000] {docker.py:72} INFO - functionality
[2026-09-25T01:41:43.205+0000] {docker.py:72} INFO - Found top-level arguments to test `accepted_values` defined on 'stg_clientes' in
[2026-09-25T01:41:43.206+0000] {docker.py:72} INFO - package 'projeto_dbt' (models/staging/stg_clientes.yml). Arguments to generic
[2026-09-25T01:41:43.208+0000] {docker.py:72} INFO - tests should be nested under the `arguments` property.
[2026-09-25T01:41:43.900+0000] {docker.py:72} INFO - [0m01:41:43  Found 7 models, 22 data tests, 5 sources, 477 macros
[2026-09-25T01:41:43.903+0000] {docker.py:72} INFO - [0m01:41:43
[2026-09-25T01:41:43.905+0000] {docker.py:72} INFO - [0m01:41:43  Concurrency: 4 threads (target='dev')
[2026-09-25T01:41:43.906+0000] {docker.py:72} INFO - [0m01:41:43
[2026-09-25T01:41:44.128+0000] {docker.py:72} INFO - [0m01:41:44  1 of 7 START sql view model dbt_staging.stg_clientes ........................... [RUN]
[2026-09-25T01:41:44.130+0000] {docker.py:72} INFO - [0m01:41:44  3 of 7 START sql view model dbt_staging.stg_origens ............................ [RUN]
[2026-09-25T01:41:44.134+0000] {docker.py:72} INFO - [0m01:41:44  4 of 7 START sql view model dbt_staging.stg_produtos ........................... [RUN]
[2026-09-25T01:41:44.135+0000] {docker.py:72} INFO - [0m01:41:44  2 of 7 START sql view model dbt_staging.stg_clinicas ........................... [RUN]
[2026-09-25T01:41:44.417+0000] {docker.py:72} INFO - [0m01:41:44  2 of 7 OK created sql view model dbt_staging.stg_clinicas ...................... [[32mCREATE VIEW[0m in 0.26s]
[2026-09-25T01:41:44.421+0000] {docker.py:72} INFO - [0m01:41:44  3 of 7 OK created sql view model dbt_staging.stg_origens ....................... [[32mCREATE VIEW[0m in 0.28s]
[2026-09-25T01:41:44.423+0000] {docker.py:72} INFO - [0m01:41:44  4 of 7 OK created sql view model dbt_staging.stg_produtos ...................... [[32mCREATE VIEW[0m in 0.27s]
[2026-09-25T01:41:44.426+0000] {docker.py:72} INFO - [0m01:41:44  1 of 7 OK created sql view model dbt_staging.stg_clientes ...................... [[32mCREATE VIEW[0m in 0.28s]
[2026-09-25T01:41:44.432+0000] {docker.py:72} INFO - [0m01:41:44  5 of 7 START sql view model dbt_staging.stg_vendas ............................. [RUN]
[2026-09-25T01:41:44.440+0000] {docker.py:72} INFO - [0m01:41:44  6 of 7 START sql view model dbt_analytics.dim_clientes ......................... [RUN]
[2026-09-25T01:41:44.504+0000] {docker.py:72} INFO - [0m01:41:44  5 of 7 OK created sql view model dbt_staging.stg_vendas ........................ [[32mCREATE VIEW[0m in 0.07s]
[2026-09-25T01:41:44.510+0000] {docker.py:72} INFO - [0m01:41:44  6 of 7 OK created sql view model dbt_analytics.dim_clientes .................... [[32mCREATE VIEW[0m in 0.07s]
[2026-09-25T01:41:44.514+0000] {docker.py:72} INFO - [0m01:41:44  7 of 7 START sql table model dbt_analytics.fato_vendas ......................... [RUN]
[2026-09-25T01:41:44.603+0000] {docker.py:72} INFO - [0m01:41:44  7 of 7 OK created sql table model dbt_analytics.fato_vendas .................... [[32mSELECT 0[0m in 0.09s]
[2026-09-25T01:41:44.627+0000] {docker.py:72} INFO - [0m01:41:44
[2026-09-25T01:41:44.628+0000] {docker.py:72} INFO - [0m01:41:44  Finished running 1 table model, 6 view models in 0 hours 0 minutes and 0.72 seconds (0.72s).
[2026-09-25T01:41:44.731+0000] {docker.py:72} INFO - [0m01:41:44
[2026-09-25T01:41:44.735+0000] {docker.py:72} INFO - [0m01:41:44  [32mCompleted successfully[0m
[2026-09-25T01:41:44.741+0000] {docker.py:72} INFO - [0m01:41:44
[2026-09-25T01:41:44.742+0000] {docker.py:72} INFO - [0m01:41:44  Done. PASS=7 WARN=0 ERROR=0 SKIP=0 NO-OP=0 REUSED=0 TOTAL=7
[2026-09-25T01:41:44.744+0000] {docker.py:72} INFO - [0m01:41:44  [[33mWARNING[0m][DeprecationsSummary]: Deprecated functionality
[2026-09-25T01:41:44.745+0000] {docker.py:72} INFO - Summary of encountered deprecations:
[2026-09-25T01:41:44.746+0000] {docker.py:72} INFO - - MissingArgumentsPropertyInGenericTestDeprecation: 2 occurrences
[2026-09-25T01:41:44.747+0000] {docker.py:72} INFO - To see all deprecation instances instead of just the first occurrence of each,
[2026-09-25T01:41:44.747+0000] {docker.py:72} INFO - run command again with the `--show-all-deprecations` flag. You may also need to
[2026-09-25T01:41:44.748+0000] {docker.py:72} INFO - run with `--no-partial-parse` as some deprecations are only encountered during
[2026-09-25T01:41:44.749+0000] {docker.py:72} INFO - parsing.
[2026-09-25T01:41:46.599+0000] {taskinstance.py:349} INFO - ::group::Post task execution logs
[2026-09-25T01:41:46.600+0000] {taskinstance.py:361} INFO - Marking task as SUCCESS. dag_id=ETL_Projeto, task_id=dbt_transform, run_id=manual__2026-09-25T01:41:28.920714+00:00, execution_date=20260925T014128, start_date=20260925T014135, end_date=20260925T014146
[2026-09-25T01:41:46.699+0000] {local_task_job_runner.py:266} INFO - Task exited with return code 0
[2026-09-25T01:41:46.747+0000] {taskinstance.py:3924} INFO - 1 downstream tasks scheduled from follow-on schedule check
[2026-09-25T01:41:46.751+0000] {local_task_job_runner.py:245} INFO - ::endgroup::
