[2026-09-23T23:58:19.476+0000] {local_task_job_runner.py:123} INFO - ::group::Pre task execution logs
[2026-09-23T23:58:19.519+0000] {taskinstance.py:2631} INFO - Dependencies all met for dep_context=non-requeueable deps ti=<TaskInstance: hello_airflow.meio manual__2026-09-23T23:58:17.418456+00:00 [queued]>
[2026-09-23T23:58:19.533+0000] {taskinstance.py:2631} INFO - Dependencies all met for dep_context=requeueable deps ti=<TaskInstance: hello_airflow.meio manual__2026-09-23T23:58:17.418456+00:00 [queued]>
[2026-09-23T23:58:19.534+0000] {taskinstance.py:2884} INFO - Starting attempt 1 of 1
[2026-09-23T23:58:19.556+0000] {taskinstance.py:2907} INFO - Executing <Task(BashOperator): meio> on 2026-09-23 23:58:17.418456+00:00
[2026-09-23T23:58:19.569+0000] {logging_mixin.py:190} WARNING - /home/***/.local/lib/python3.12/site-packages/***/task/task_runner/standard_task_runner.py:70 DeprecationWarning: This process (pid=369) is multi-threaded, use of fork() may lead to deadlocks in the child.
[2026-09-23T23:58:19.568+0000] {standard_task_runner.py:104} INFO - Running: ['***', 'tasks', 'run', 'hello_***', 'meio', 'manual__2026-09-23T23:58:17.418456+00:00', '--job-id', '7', '--raw', '--subdir', 'DAGS_FOLDER/hello_***.py', '--cfg-path', '/tmp/tmpmneci7cs']
[2026-09-23T23:58:19.572+0000] {standard_task_runner.py:72} INFO - Started process 370 to run task
[2026-09-23T23:58:19.573+0000] {standard_task_runner.py:105} INFO - Job 7: Subtask meio
[2026-09-23T23:58:19.662+0000] {task_command.py:467} INFO - Running <TaskInstance: hello_airflow.meio manual__2026-09-23T23:58:17.418456+00:00 [running]> on host 025cd88dfcae
[2026-09-23T23:58:19.809+0000] {taskinstance.py:3157} INFO - Exporting env vars: AIRFLOW_CTX_DAG_OWNER='***' AIRFLOW_CTX_DAG_ID='hello_***' AIRFLOW_CTX_TASK_ID='meio' AIRFLOW_CTX_EXECUTION_DATE='2026-09-23T23:58:17.418456+00:00' AIRFLOW_CTX_TRY_NUMBER='1' AIRFLOW_CTX_DAG_RUN_ID='manual__2026-09-23T23:58:17.418456+00:00'
[2026-09-23T23:58:19.811+0000] {taskinstance.py:740} INFO - ::endgroup::
[2026-09-23T23:58:19.837+0000] {subprocess.py:78} INFO - Tmp dir root location: /tmp
[2026-09-23T23:58:19.839+0000] {subprocess.py:88} INFO - Running command: ['/usr/bin/bash', '-c', 'echo "Olá Breno, sua primeira DAG está funcionando!"']
[2026-09-23T23:58:19.851+0000] {subprocess.py:99} INFO - Output:
[2026-09-23T23:58:19.853+0000] {subprocess.py:106} INFO - Olá Breno, sua primeira DAG está funcionando!
[2026-09-23T23:58:19.854+0000] {subprocess.py:110} INFO - Command exited with return code 0
[2026-09-23T23:58:19.907+0000] {taskinstance.py:349} INFO - ::group::Post task execution logs
[2026-09-23T23:58:19.908+0000] {taskinstance.py:361} INFO - Marking task as SUCCESS. dag_id=hello_***, task_id=meio, run_id=manual__2026-09-23T23:58:17.418456+00:00, execution_date=20260923T235817, start_date=20260923T235819, end_date=20260923T235819
[2026-09-23T23:58:19.990+0000] {local_task_job_runner.py:266} INFO - Task exited with return code 0
[2026-09-23T23:58:20.025+0000] {taskinstance.py:3924} INFO - 1 downstream tasks scheduled from follow-on schedule check
[2026-09-23T23:58:20.028+0000] {local_task_job_runner.py:245} INFO - ::endgroup::
